
libgomp: Invalid value for environment variable OMP_PLACES

libgomp: Invalid value for environment variable OMP_PLACES

libgomp: Invalid value for environment variable OMP_PLACES

libgomp: Invalid value for environment variable OMP_PLACES

libgomp: Invalid value for environment variable OMP_PLACES

libgomp: Invalid value for environment variable OMP_PLACES

libgomp: Invalid value for environment variable OMP_PLACES

libgomp: Invalid value for environment variable OMP_PLACES
terminate called after throwing an instance of 'std::invalid_argument'
  what():  stod
[genoahost089:1573686] *** Process received signal ***
terminate called after throwing an instance of 'std::invalid_argument'
  what():  stod
terminate called after throwing an instance of 'std::invalid_argument'
  what():  stod
terminate called after throwing an instance of 'std::invalid_argument'
  what():  stod
terminate called after throwing an instance of 'std::invalid_argument'
  what():  stod
terminate called after throwing an instance of 'std::invalid_argument'
  what():  stod
terminate called after throwing an instance of 'std::invalid_argument'
  what():  stod
terminate called after throwing an instance of 'std::invalid_argument'
  what():  stod
[genoahost089:1573686] Signal: Aborted (6)
[genoahost089:1573686] Signal code:  (-6)
[genoahost093:155003] *** Process received signal ***
[genoahost093:155003] Signal: Aborted (6)
[genoahost093:155003] Signal code:  (-6)
[genoahost090:3450377] *** Process received signal ***
[genoahost090:3450377] Signal: Aborted (6)
[genoahost090:3450377] Signal code:  (-6)
[genoahost094:4114366] *** Process received signal ***
[genoahost094:4114366] Signal: Aborted (6)
[genoahost094:4114366] Signal code:  (-6)
[genoahost092:3317380] *** Process received signal ***
[genoahost092:3317380] Signal: Aborted (6)
[genoahost092:3317380] Signal code:  (-6)
[genoahost091:2031459] *** Process received signal ***
[genoahost091:2031459] Signal: Aborted (6)
[genoahost091:2031459] Signal code:  (-6)
[genoahost095:253031] *** Process received signal ***
[genoahost095:253031] Signal: Aborted (6)
[genoahost095:253031] Signal code:  (-6)
[genoahost096:4115352] *** Process received signal ***
[genoahost096:4115352] Signal: Aborted (6)
[genoahost096:4115352] Signal code:  (-6)
[genoahost089:1573686] [ 0] /lib64/libc.so.6(+0x3fc30)[0x1553af43fc30]
[genoahost093:155003] [ 0] /lib64/libc.so.6(+0x3fc30)[0x14b96d83fc30]
[genoahost090:3450377] [ 0] /lib64/libc.so.6(+0x3fc30)[0x150600c3fc30]
[genoahost094:4114366] [ 0] /lib64/libc.so.6(+0x3fc30)[0x14597803fc30]
[genoahost095:253031] [ 0] /lib64/libc.so.6(+0x3fc30)[0x14ed8a43fc30]
[genoahost096:4115352] [ 0] /lib64/libc.so.6(+0x3fc30)[0x149c9f23fc30]
[genoahost089:1573686] [ 1] /lib64/libc.so.6(+0x8d02c)[0x1553af48d02c]
[genoahost093:155003] [ 1] /lib64/libc.so.6(+0x8d02c)[0x14b96d88d02c]
[genoahost090:3450377] [ 1] /lib64/libc.so.6(+0x8d02c)[0x150600c8d02c]
[genoahost094:4114366] [ 1] /lib64/libc.so.6(+0x8d02c)[0x14597808d02c]
[genoahost095:253031] [ 1] /lib64/libc.so.6(+0x8d02c)[0x14ed8a48d02c]
[genoahost096:4115352] [ 1] /lib64/libc.so.6(+0x8d02c)[0x149c9f28d02c]
[genoahost089:1573686] [ 2] /lib64/libc.so.6(raise+0x16)[0x1553af43fb86]
[genoahost093:155003] [ 2] /lib64/libc.so.6(raise+0x16)[0x14b96d83fb86]
[genoahost090:3450377] [ 2] /lib64/libc.so.6(raise+0x16)[0x150600c3fb86]
[genoahost094:4114366] [ 2] /lib64/libc.so.6(raise+0x16)[0x14597803fb86]
[genoahost091:2031459] [ 0] /lib64/libc.so.6(+0x3fc30)[0x14d96823fc30]
[genoahost095:253031] [ 2] /lib64/libc.so.6(raise+0x16)[0x14ed8a43fb86]
[genoahost096:4115352] [ 2] /lib64/libc.so.6(raise+0x16)[0x149c9f23fb86]
[genoahost089:1573686] [ 3] /lib64/libc.so.6(abort+0xd3)[0x1553af429873]
[genoahost093:155003] [ 3] /lib64/libc.so.6(abort+0xd3)[0x14b96d829873]
[genoahost090:3450377] [ 3] /lib64/libc.so.6(abort+0xd3)[0x150600c29873]
[genoahost094:4114366] [ 3] /lib64/libc.so.6(abort+0xd3)[0x145978029873]
[genoahost092:3317380] [ 0] /lib64/libc.so.6(+0x3fc30)[0x14c49343fc30]
[genoahost091:2031459] [ 1] /lib64/libc.so.6(+0x8d02c)[0x14d96828d02c]
[genoahost095:253031] [ 3] /lib64/libc.so.6(abort+0xd3)[0x14ed8a429873]
[genoahost096:4115352] [ 3] /lib64/libc.so.6(abort+0xd3)[0x149c9f229873]
[genoahost089:1573686] [ 4] /lib64/libstdc++.so.6(+0xa1b21)[0x1553afea1b21]
[genoahost093:155003] [ 4] /lib64/libstdc++.so.6(+0xa1b21)[0x14b96e0a1b21]
[genoahost090:3450377] [ 4] /lib64/libstdc++.so.6(+0xa1b21)[0x1506016a1b21]
[genoahost094:4114366] [ 4] /lib64/libstdc++.so.6(+0xa1b21)[0x1459788a1b21]
[genoahost092:3317380] [ 1] /lib64/libc.so.6(+0x8d02c)[0x14c49348d02c]
[genoahost091:2031459] [ 2] /lib64/libc.so.6(raise+0x16)[0x14d96823fb86]
[genoahost095:253031] [ 4] /lib64/libstdc++.so.6(+0xa1b21)[0x14ed8aca1b21]
[genoahost096:4115352] [ 4] /lib64/libstdc++.so.6(+0xa1b21)[0x149c9faa1b21]
[genoahost089:1573686] [ 5] /lib64/libstdc++.so.6(+0xad53c)[0x1553afead53c]
[genoahost093:155003] [ 5] /lib64/libstdc++.so.6(+0xad53c)[0x14b96e0ad53c]
[genoahost090:3450377] [ 5] /lib64/libstdc++.so.6(+0xad53c)[0x1506016ad53c]
[genoahost094:4114366] [ 5] /lib64/libstdc++.so.6(+0xad53c)[0x1459788ad53c]
[genoahost092:3317380] [ 2] /lib64/libc.so.6(raise+0x16)[0x14c49343fb86]
[genoahost091:2031459] [ 3] /lib64/libc.so.6(abort+0xd3)[0x14d968229873]
[genoahost095:253031] [ 5] /lib64/libstdc++.so.6(+0xad53c)[0x14ed8acad53c]
[genoahost095:253031] [ 6] /lib64/libstdc++.so.6(+0xad5a7)[0x14ed8acad5a7]
[genoahost096:4115352] [ 5] /lib64/libstdc++.so.6(+0xad53c)[0x149c9faad53c]
[genoahost089:1573686] [ 6] /lib64/libstdc++.so.6(+0xad5a7)[0x1553afead5a7]
[genoahost093:155003] [ 6] /lib64/libstdc++.so.6(+0xad5a7)[0x14b96e0ad5a7]
[genoahost090:3450377] [ 6] /lib64/libstdc++.so.6(+0xad5a7)[0x1506016ad5a7]
[genoahost094:4114366] [ 6] /lib64/libstdc++.so.6(+0xad5a7)[0x1459788ad5a7]
[genoahost092:3317380] [ 3] /lib64/libc.so.6(abort+0xd3)[0x14c493429873]
[genoahost091:2031459] [ 4] /lib64/libstdc++.so.6(+0xa1b21)[0x14d968aa1b21]
[genoahost095:253031] [ 7] /lib64/libstdc++.so.6(+0xad809)[0x14ed8acad809]
[genoahost096:4115352] [ 6] /lib64/libstdc++.so.6(+0xad5a7)[0x149c9faad5a7]
[genoahost089:1573686] [ 7] /lib64/libstdc++.so.6(+0xad809)[0x1553afead809]
[genoahost093:155003] [ 7] /lib64/libstdc++.so.6(+0xad809)[0x14b96e0ad809]
[genoahost090:3450377] [ 7] /lib64/libstdc++.so.6(+0xad809)[0x1506016ad809]
[genoahost094:4114366] [ 7] /lib64/libstdc++.so.6(+0xad809)[0x1459788ad809]
[genoahost092:3317380] [ 4] /lib64/libstdc++.so.6(+0xa1b21)[0x14c493ca1b21]
[genoahost091:2031459] [ 5] /lib64/libstdc++.so.6(+0xad53c)[0x14d968aad53c]
[genoahost095:253031] [ 8] /lib64/libstdc++.so.6(_ZSt24__throw_invalid_argumentPKc+0x41)[0x14ed8aca4483]
[genoahost096:4115352] [ 7] /lib64/libstdc++.so.6(+0xad809)[0x149c9faad809]
[genoahost089:1573686] [ 8] /lib64/libstdc++.so.6(_ZSt24__throw_invalid_argumentPKc+0x41)[0x1553afea4483]
[genoahost093:155003] [ 8] /lib64/libstdc++.so.6(_ZSt24__throw_invalid_argumentPKc+0x41)[0x14b96e0a4483]
[genoahost090:3450377] [ 8] /lib64/libstdc++.so.6(_ZSt24__throw_invalid_argumentPKc+0x41)[0x1506016a4483]
[genoahost094:4114366] [ 8] /lib64/libstdc++.so.6(_ZSt24__throw_invalid_argumentPKc+0x41)[0x1459788a4483]
[genoahost094:4114366] [ 9] /direct/sdcc+u/poare/Grid/build/examples/./Example_pvdagm_fov[0x4481bb]
[genoahost092:3317380] [ 5] /lib64/libstdc++.so.6(+0xad53c)[0x14c493cad53c]
[genoahost091:2031459] [ 6] /lib64/libstdc++.so.6(+0xad5a7)[0x14d968aad5a7]
[genoahost095:253031] [ 9] /direct/sdcc+u/poare/Grid/build/examples/./Example_pvdagm_fov[0x4481bb]
[genoahost096:4115352] [ 8] /lib64/libstdc++.so.6(_ZSt24__throw_invalid_argumentPKc+0x41)[0x149c9faa4483]
[genoahost089:1573686] [ 9] /direct/sdcc+u/poare/Grid/build/examples/./Example_pvdagm_fov[0x4481bb]
[genoahost093:155003] [ 9] /direct/sdcc+u/poare/Grid/build/examples/./Example_pvdagm_fov[0x4481bb]
[genoahost090:3450377] [ 9] /direct/sdcc+u/poare/Grid/build/examples/./Example_pvdagm_fov[0x4481bb]
[genoahost094:4114366] [10] /direct/sdcc+u/poare/Grid/build/examples/./Example_pvdagm_fov[0x4159b5]
[genoahost092:3317380] [ 6] /lib64/libstdc++.so.6(+0xad5a7)[0x14c493cad5a7]
[genoahost091:2031459] [ 7] /lib64/libstdc++.so.6(+0xad809)[0x14d968aad809]
[genoahost095:253031] [10] /direct/sdcc+u/poare/Grid/build/examples/./Example_pvdagm_fov[0x4159b5]
[genoahost096:4115352] [ 9] /direct/sdcc+u/poare/Grid/build/examples/./Example_pvdagm_fov[0x4481bb]
[genoahost089:1573686] [10] /direct/sdcc+u/poare/Grid/build/examples/./Example_pvdagm_fov[0x4159b5]
[genoahost093:155003] [10] /direct/sdcc+u/poare/Grid/build/examples/./Example_pvdagm_fov[0x4159b5]
[genoahost090:3450377] [10] /direct/sdcc+u/poare/Grid/build/examples/./Example_pvdagm_fov[0x4159b5]
[genoahost094:4114366] [11] /lib64/libc.so.6(+0x2a610)[0x14597802a610]
[genoahost092:3317380] [ 7] /lib64/libstdc++.so.6(+0xad809)[0x14c493cad809]
[genoahost091:2031459] [ 8] /lib64/libstdc++.so.6(_ZSt24__throw_invalid_argumentPKc+0x41)[0x14d968aa4483]
[genoahost091:2031459] [ 9] /direct/sdcc+u/poare/Grid/build/examples/./Example_pvdagm_fov[0x4481bb]
[genoahost091:2031459] [10] /direct/sdcc+u/poare/Grid/build/examples/./Example_pvdagm_fov[0x4159b5]
[genoahost095:253031] [11] /lib64/libc.so.6(+0x2a610)[0x14ed8a42a610]
[genoahost095:253031] [12] /lib64/libc.so.6(__libc_start_main+0x80)[0x14ed8a42a6c0]
[genoahost095:253031] [13] /direct/sdcc+u/poare/Grid/build/examples/./Example_pvdagm_fov[0x417335]
[genoahost095:253031] *** End of error message ***
[genoahost096:4115352] [10] /direct/sdcc+u/poare/Grid/build/examples/./Example_pvdagm_fov[0x4159b5]
[genoahost089:1573686] [11] /lib64/libc.so.6(+0x2a610)[0x1553af42a610]
[genoahost093:155003] [11] /lib64/libc.so.6(+0x2a610)[0x14b96d82a610]
[genoahost093:155003] [12] /lib64/libc.so.6(__libc_start_main+0x80)[0x14b96d82a6c0]
[genoahost090:3450377] [11] /lib64/libc.so.6(+0x2a610)[0x150600c2a610]
[genoahost094:4114366] [12] /lib64/libc.so.6(__libc_start_main+0x80)[0x14597802a6c0]
[genoahost092:3317380] [ 8] /lib64/libstdc++.so.6(_ZSt24__throw_invalid_argumentPKc+0x41)[0x14c493ca4483]
[genoahost091:2031459] [11] /lib64/libc.so.6(+0x2a610)[0x14d96822a610]
[genoahost096:4115352] [11] /lib64/libc.so.6(+0x2a610)[0x149c9f22a610]
[genoahost089:1573686] [12] /lib64/libc.so.6(__libc_start_main+0x80)[0x1553af42a6c0]
[genoahost093:155003] [13] /direct/sdcc+u/poare/Grid/build/examples/./Example_pvdagm_fov[0x417335]
[genoahost093:155003] *** End of error message ***
[genoahost090:3450377] [12] /lib64/libc.so.6(__libc_start_main+0x80)[0x150600c2a6c0]
[genoahost094:4114366] [13] /direct/sdcc+u/poare/Grid/build/examples/./Example_pvdagm_fov[0x417335]
[genoahost094:4114366] *** End of error message ***
[genoahost092:3317380] [ 9] /direct/sdcc+u/poare/Grid/build/examples/./Example_pvdagm_fov[0x4481bb]
[genoahost091:2031459] [12] /lib64/libc.so.6(__libc_start_main+0x80)[0x14d96822a6c0]
[genoahost096:4115352] [12] /lib64/libc.so.6(__libc_start_main+0x80)[0x149c9f22a6c0]
[genoahost089:1573686] [13] /direct/sdcc+u/poare/Grid/build/examples/./Example_pvdagm_fov[0x417335]
[genoahost090:3450377] [13] /direct/sdcc+u/poare/Grid/build/examples/./Example_pvdagm_fov[0x417335]
[genoahost090:3450377] *** End of error message ***
[genoahost092:3317380] [10] /direct/sdcc+u/poare/Grid/build/examples/./Example_pvdagm_fov[0x4159b5]
[genoahost091:2031459] [13] /direct/sdcc+u/poare/Grid/build/examples/./Example_pvdagm_fov[0x417335]
[genoahost096:4115352] [13] /direct/sdcc+u/poare/Grid/build/examples/./Example_pvdagm_fov[0x417335]
[genoahost096:4115352] *** End of error message ***
[genoahost089:1573686] *** End of error message ***
[genoahost092:3317380] [11] /lib64/libc.so.6(+0x2a610)[0x14c49342a610]
[genoahost091:2031459] *** End of error message ***
[genoahost092:3317380] [12] /lib64/libc.so.6(__libc_start_main+0x80)[0x14c49342a6c0]
[genoahost092:3317380] [13] /direct/sdcc+u/poare/Grid/build/examples/./Example_pvdagm_fov[0x417335]
[genoahost092:3317380] *** End of error message ***
srun: error: genoahost093: task 4: Aborted (core dumped)
srun: error: genoahost095: task 6: Aborted (core dumped)
srun: error: genoahost089: task 0: Aborted (core dumped)
srun: error: genoahost091: task 2: Aborted (core dumped)
srun: error: genoahost092: task 3: Aborted (core dumped)
srun: error: genoahost090: task 1: Aborted (core dumped)
srun: error: genoahost096: task 7: Aborted (core dumped)
srun: error: genoahost094: task 5: Aborted (core dumped)
