Example_arnoldi: /direct/sdcc+u/poare/Grid/Grid/parallelIO/NerscIO.h:79: static int Grid::NerscIO::readHeader(std::string, Grid::GridBase*, Grid::FieldMetaData&): Assertion `line==std::string("BEGIN_HEADER")' failed.
[genoahost077:1739941] *** Process received signal ***
[genoahost077:1739941] Signal: Aborted (6)
[genoahost077:1739941] Signal code:  (-6)
[genoahost077:1739941] [ 0] /lib64/libc.so.6(+0x3e730)[0x146b0e63e730]
[genoahost077:1739941] [ 1] /lib64/libc.so.6(+0x8ba6c)[0x146b0e68ba6c]
[genoahost077:1739941] [ 2] /lib64/libc.so.6(raise+0x16)[0x146b0e63e686]
[genoahost077:1739941] [ 3] /lib64/libc.so.6(abort+0xd3)[0x146b0e628833]
[genoahost077:1739941] [ 4] /lib64/libc.so.6(+0x2875b)[0x146b0e62875b]
[genoahost077:1739941] [ 5] /lib64/libc.so.6(+0x373c6)[0x146b0e6373c6]
[genoahost077:1739941] [ 6] ./Example_arnoldi[0x45caed]
[genoahost077:1739941] [ 7] ./Example_arnoldi[0x43eaca]
[genoahost077:1739941] [ 8] ./Example_arnoldi[0x41011e]
[genoahost077:1739941] [ 9] /lib64/libc.so.6(+0x295d0)[0x146b0e6295d0]
[genoahost077:1739941] [10] /lib64/libc.so.6(__libc_start_main+0x80)[0x146b0e629680]
[genoahost077:1739941] [11] ./Example_arnoldi[0x413515]
[genoahost077:1739941] *** End of error message ***
/var/spool/slurmd/job252322/slurm_script: line 19: 1739941 Aborted                 (core dumped) ./Example_arnoldi > ${logs}/arnoldi_${SLURM_JOB_ID}.out
Example_arnoldi: /direct/sdcc+u/poare/Grid/Grid/parallelIO/NerscIO.h:79: static int Grid::NerscIO::readHeader(std::string, Grid::GridBase*, Grid::FieldMetaData&): Assertion `line==std::string("BEGIN_HEADER")' failed.
[genoahost077:1740035] *** Process received signal ***
[genoahost077:1740035] Signal: Aborted (6)
[genoahost077:1740035] Signal code:  (-6)
[genoahost077:1740035] [ 0] /lib64/libc.so.6(+0x3e730)[0x15182303e730]
[genoahost077:1740035] [ 1] /lib64/libc.so.6(+0x8ba6c)[0x15182308ba6c]
[genoahost077:1740035] [ 2] /lib64/libc.so.6(raise+0x16)[0x15182303e686]
[genoahost077:1740035] [ 3] /lib64/libc.so.6(abort+0xd3)[0x151823028833]
[genoahost077:1740035] [ 4] /lib64/libc.so.6(+0x2875b)[0x15182302875b]
[genoahost077:1740035] [ 5] /lib64/libc.so.6(+0x373c6)[0x1518230373c6]
[genoahost077:1740035] [ 6] /direct/sdcc+u/poare/Grid/build/examples/./Example_arnoldi[0x45caed]
[genoahost077:1740035] [ 7] /direct/sdcc+u/poare/Grid/build/examples/./Example_arnoldi[0x43eaca]
[genoahost077:1740035] [ 8] /direct/sdcc+u/poare/Grid/build/examples/./Example_arnoldi[0x41011e]
[genoahost077:1740035] [ 9] /lib64/libc.so.6(+0x295d0)[0x1518230295d0]
[genoahost077:1740035] [10] /lib64/libc.so.6(__libc_start_main+0x80)[0x151823029680]
[genoahost077:1740035] [11] /direct/sdcc+u/poare/Grid/build/examples/./Example_arnoldi[0x413515]
[genoahost077:1740035] *** End of error message ***
srun: error: genoahost077: task 0: Aborted (core dumped)
