8
8
2.2.2.1

libgomp: Invalid value for environment variable OMP_PLACES

libgomp: Invalid value for environment variable OMP_PLACES

libgomp: Invalid value for environment variable OMP_PLACES

libgomp: Invalid value for environment variable OMP_PLACES

libgomp: Invalid value for environment variable OMP_PLACES

libgomp: Invalid value for environment variable OMP_PLACES

libgomp: Invalid value for environment variable OMP_PLACES

libgomp: Invalid value for environment variable OMP_PLACES
Example_arnoldi: /direct/sdcc+u/poare/Grid/Grid/parallelIO/NerscIO.h:79: static int Grid::NerscIO::readHeader(std::string, Grid::GridBase*, Grid::FieldMetaData&): Assertion `line==std::string("BEGIN_HEADER")' failed.
[genoahost089:2880810] *** Process received signal ***
[genoahost089:2880810] Signal: Aborted (6)
[genoahost089:2880810] Signal code:  (-6)
[genoahost089:2880810] [ 0] /lib64/libc.so.6(+0x3fc30)[0x153a5f23fc30]
[genoahost089:2880810] [ 1] /lib64/libc.so.6(+0x8d02c)[0x153a5f28d02c]
[genoahost089:2880810] [ 2] /lib64/libc.so.6(raise+0x16)[0x153a5f23fb86]
[genoahost089:2880810] [ 3] /lib64/libc.so.6(abort+0xd3)[0x153a5f229873]
[genoahost089:2880810] [ 4] /lib64/libc.so.6(+0x2979b)[0x153a5f22979b]
[genoahost089:2880810] [ 5] /lib64/libc.so.6(+0x388c6)[0x153a5f2388c6]
[genoahost089:2880810] [ 6] /direct/sdcc+u/poare/Grid/build/examples/./Example_arnoldi[0x452e18]
[genoahost089:2880810] [ 7] /direct/sdcc+u/poare/Grid/build/examples/./Example_arnoldi[0x433b0a]
[genoahost089:2880810] [ 8] /direct/sdcc+u/poare/Grid/build/examples/./Example_arnoldi[0x415e87]
[genoahost089:2880810] [ 9] /lib64/libc.so.6(+0x2a610)[0x153a5f22a610]
[genoahost089:2880810] [10] /lib64/libc.so.6(__libc_start_main+0x80)[0x153a5f22a6c0]
[genoahost089:2880810] [11] /direct/sdcc+u/poare/Grid/build/examples/./Example_arnoldi[0x418815]
[genoahost089:2880810] *** End of error message ***
Example_arnoldi: /direct/sdcc+u/poare/Grid/Grid/parallelIO/NerscIO.h:79: static int Grid::NerscIO::readHeader(std::string, Grid::GridBase*, Grid::FieldMetaData&): Assertion `line==std::string("BEGIN_HEADER")' failed.
[genoahost090:3320531] *** Process received signal ***
[genoahost090:3320531] Signal: Aborted (6)
[genoahost090:3320531] Signal code:  (-6)
Example_arnoldi: /direct/sdcc+u/poare/Grid/Grid/parallelIO/NerscIO.h:79: static int Grid::NerscIO::readHeader(std::string, Grid::GridBase*, Grid::FieldMetaData&): Assertion `line==std::string("BEGIN_HEADER")' failed.
[genoahost094:3337791] *** Process received signal ***
[genoahost094:3337791] Signal: Aborted (6)
[genoahost094:3337791] Signal code:  (-6)
Example_arnoldi: /direct/sdcc+u/poare/Grid/Grid/parallelIO/NerscIO.h:79: static int Grid::NerscIO::readHeader(std::string, Grid::GridBase*, Grid::FieldMetaData&): Assertion `line==std::string("BEGIN_HEADER")' failed.
[genoahost096:3295478] *** Process received signal ***
[genoahost096:3295478] Signal: Aborted (6)
[genoahost096:3295478] Signal code:  (-6)
[genoahost096:3295478] [ 0] /lib64/libc.so.6(+0x3fc30)[0x1519e8e3fc30]
[genoahost096:3295478] [ 1] /lib64/libc.so.6(+0x8d02c)[0x1519e8e8d02c]
[genoahost096:3295478] [ 2] /lib64/libc.so.6(raise+0x16)[0x1519e8e3fb86]
[genoahost096:3295478] [ 3] /lib64/libc.so.6(abort+0xd3)[0x1519e8e29873]
[genoahost096:3295478] [ 4] /lib64/libc.so.6(+0x2979b)[0x1519e8e2979b]
[genoahost096:3295478] [ 5] /lib64/libc.so.6(+0x388c6)[0x1519e8e388c6]
[genoahost096:3295478] [ 6] /direct/sdcc+u/poare/Grid/build/examples/./Example_arnoldi[0x452e18]
[genoahost096:3295478] [ 7] /direct/sdcc+u/poare/Grid/build/examples/./Example_arnoldi[0x433b0a]
[genoahost096:3295478] [ 8] /direct/sdcc+u/poare/Grid/build/examples/./Example_arnoldi[0x415e87]
[genoahost096:3295478] [ 9] /lib64/libc.so.6(+0x2a610)[0x1519e8e2a610]
[genoahost096:3295478] [10] /lib64/libc.so.6(__libc_start_main+0x80)[0x1519e8e2a6c0]
[genoahost096:3295478] [11] /direct/sdcc+u/poare/Grid/build/examples/./Example_arnoldi[0x418815]
[genoahost096:3295478] *** End of error message ***
[genoahost090:3320531] [ 0] /lib64/libc.so.6(+0x3fc30)[0x15155863fc30]
[genoahost090:3320531] [ 1] /lib64/libc.so.6(+0x8d02c)[0x15155868d02c]
[genoahost090:3320531] [ 2] /lib64/libc.so.6(raise+0x16)[0x15155863fb86]
[genoahost090:3320531] [ 3] /lib64/libc.so.6(abort+0xd3)[0x151558629873]
[genoahost090:3320531] [ 4] /lib64/libc.so.6(+0x2979b)[0x15155862979b]
[genoahost090:3320531] [ 5] /lib64/libc.so.6(+0x388c6)[0x1515586388c6]
[genoahost090:3320531] [ 6] /direct/sdcc+u/poare/Grid/build/examples/./Example_arnoldi[0x452e18]
[genoahost090:3320531] [ 7] /direct/sdcc+u/poare/Grid/build/examples/./Example_arnoldi[0x433b0a]
[genoahost090:3320531] [ 8] /direct/sdcc+u/poare/Grid/build/examples/./Example_arnoldi[0x415e87]
[genoahost090:3320531] [ 9] /lib64/libc.so.6(+0x2a610)[0x15155862a610]
[genoahost090:3320531] [10] /lib64/libc.so.6(__libc_start_main+0x80)[0x15155862a6c0]
[genoahost090:3320531] [11] /direct/sdcc+u/poare/Grid/build/examples/./Example_arnoldi[0x418815]
[genoahost090:3320531] *** End of error message ***
[genoahost094:3337791] [ 0] /lib64/libc.so.6(+0x3fc30)[0x15516123fc30]
[genoahost094:3337791] [ 1] /lib64/libc.so.6(+0x8d02c)[0x15516128d02c]
[genoahost094:3337791] [ 2] /lib64/libc.so.6(raise+0x16)[0x15516123fb86]
[genoahost094:3337791] [ 3] /lib64/libc.so.6(abort+0xd3)[0x155161229873]
[genoahost094:3337791] [ 4] /lib64/libc.so.6(+0x2979b)[0x15516122979b]
[genoahost094:3337791] [ 5] /lib64/libc.so.6(+0x388c6)[0x1551612388c6]
[genoahost094:3337791] [ 6] /direct/sdcc+u/poare/Grid/build/examples/./Example_arnoldi[0x452e18]
[genoahost094:3337791] [ 7] /direct/sdcc+u/poare/Grid/build/examples/./Example_arnoldi[0x433b0a]
[genoahost094:3337791] [ 8] /direct/sdcc+u/poare/Grid/build/examples/./Example_arnoldi[0x415e87]
[genoahost094:3337791] [ 9] /lib64/libc.so.6(+0x2a610)[0x15516122a610]
[genoahost094:3337791] [10] /lib64/libc.so.6(__libc_start_main+0x80)[0x15516122a6c0]
[genoahost094:3337791] [11] /direct/sdcc+u/poare/Grid/build/examples/./Example_arnoldi[0x418815]
[genoahost094:3337791] *** End of error message ***
Example_arnoldi: /direct/sdcc+u/poare/Grid/Grid/parallelIO/NerscIO.h:79: static int Grid::NerscIO::readHeader(std::string, Grid::GridBase*, Grid::FieldMetaData&): Assertion `line==std::string("BEGIN_HEADER")' failed.
[genoahost092:2825819] *** Process received signal ***
[genoahost092:2825819] Signal: Aborted (6)
[genoahost092:2825819] Signal code:  (-6)
[genoahost092:2825819] [ 0] /lib64/libc.so.6(+0x3fc30)[0x1506c403fc30]
[genoahost092:2825819] [ 1] /lib64/libc.so.6(+0x8d02c)[0x1506c408d02c]
[genoahost092:2825819] [ 2] /lib64/libc.so.6(raise+0x16)[0x1506c403fb86]
[genoahost092:2825819] [ 3] /lib64/libc.so.6(abort+0xd3)[0x1506c4029873]
[genoahost092:2825819] [ 4] /lib64/libc.so.6(+0x2979b)[0x1506c402979b]
[genoahost092:2825819] [ 5] /lib64/libc.so.6(+0x388c6)[0x1506c40388c6]
[genoahost092:2825819] [ 6] /direct/sdcc+u/poare/Grid/build/examples/./Example_arnoldi[0x452e18]
[genoahost092:2825819] [ 7] /direct/sdcc+u/poare/Grid/build/examples/./Example_arnoldi[0x433b0a]
[genoahost092:2825819] [ 8] /direct/sdcc+u/poare/Grid/build/examples/./Example_arnoldi[0x415e87]
[genoahost092:2825819] [ 9] /lib64/libc.so.6(+0x2a610)[0x1506c402a610]
[genoahost092:2825819] [10] /lib64/libc.so.6(__libc_start_main+0x80)[0x1506c402a6c0]
[genoahost092:2825819] [11] /direct/sdcc+u/poare/Grid/build/examples/./Example_arnoldi[0x418815]
[genoahost092:2825819] *** End of error message ***
Example_arnoldi: /direct/sdcc+u/poare/Grid/Grid/parallelIO/NerscIO.h:79: static int Grid::NerscIO::readHeader(std::string, Grid::GridBase*, Grid::FieldMetaData&): Assertion `line==std::string("BEGIN_HEADER")' failed.
[genoahost095:3469524] *** Process received signal ***
[genoahost095:3469524] Signal: Aborted (6)
[genoahost095:3469524] Signal code:  (-6)
Example_arnoldi: /direct/sdcc+u/poare/Grid/Grid/parallelIO/NerscIO.h:79: static int Grid::NerscIO::readHeader(std::string, Grid::GridBase*, Grid::FieldMetaData&): Assertion `line==std::string("BEGIN_HEADER")' failed.
[genoahost091:2998276] *** Process received signal ***
[genoahost091:2998276] Signal: Aborted (6)
[genoahost091:2998276] Signal code:  (-6)
[genoahost091:2998276] [ 0] /lib64/libc.so.6(+0x3fc30)[0x14dd9a43fc30]
[genoahost091:2998276] [ 1] /lib64/libc.so.6(+0x8d02c)[0x14dd9a48d02c]
[genoahost091:2998276] [ 2] /lib64/libc.so.6(raise+0x16)[0x14dd9a43fb86]
[genoahost091:2998276] [ 3] /lib64/libc.so.6(abort+0xd3)[0x14dd9a429873]
[genoahost091:2998276] [ 4] /lib64/libc.so.6(+0x2979b)[0x14dd9a42979b]
[genoahost091:2998276] [ 5] /lib64/libc.so.6(+0x388c6)[0x14dd9a4388c6]
[genoahost091:2998276] [ 6] /direct/sdcc+u/poare/Grid/build/examples/./Example_arnoldi[0x452e18]
[genoahost091:2998276] [ 7] /direct/sdcc+u/poare/Grid/build/examples/./Example_arnoldi[0x433b0a]
[genoahost091:2998276] [ 8] /direct/sdcc+u/poare/Grid/build/examples/./Example_arnoldi[0x415e87]
[genoahost091:2998276] [ 9] /lib64/libc.so.6(+0x2a610)[0x14dd9a42a610]
[genoahost091:2998276] [10] /lib64/libc.so.6(__libc_start_main+0x80)[0x14dd9a42a6c0]
[genoahost091:2998276] [11] /direct/sdcc+u/poare/Grid/build/examples/./Example_arnoldi[0x418815]
[genoahost091:2998276] *** End of error message ***
Example_arnoldi: /direct/sdcc+u/poare/Grid/Grid/parallelIO/NerscIO.h:79: static int Grid::NerscIO::readHeader(std::string, Grid::GridBase*, Grid::FieldMetaData&): Assertion `line==std::string("BEGIN_HEADER")' failed.
[genoahost093:3558568] *** Process received signal ***
[genoahost093:3558568] Signal: Aborted (6)
[genoahost093:3558568] Signal code:  (-6)
[genoahost093:3558568] [ 0] /lib64/libc.so.6(+0x3fc30)[0x1523f6e3fc30]
[genoahost095:3469524] [ 0] /lib64/libc.so.6(+0x3fc30)[0x14a11543fc30]
[genoahost095:3469524] [ 1] /lib64/libc.so.6(+0x8d02c)[0x14a11548d02c]
[genoahost095:3469524] [ 2] /lib64/libc.so.6(raise+0x16)[0x14a11543fb86]
[genoahost095:3469524] [ 3] /lib64/libc.so.6(abort+0xd3)[0x14a115429873]
[genoahost095:3469524] [ 4] /lib64/libc.so.6(+0x2979b)[0x14a11542979b]
[genoahost095:3469524] [ 5] /lib64/libc.so.6(+0x388c6)[0x14a1154388c6]
[genoahost095:3469524] [ 6] /direct/sdcc+u/poare/Grid/build/examples/./Example_arnoldi[0x452e18]
[genoahost095:3469524] [ 7] /direct/sdcc+u/poare/Grid/build/examples/./Example_arnoldi[0x433b0a]
[genoahost095:3469524] [ 8] /direct/sdcc+u/poare/Grid/build/examples/./Example_arnoldi[0x415e87]
[genoahost095:3469524] [ 9] /lib64/libc.so.6(+0x2a610)[0x14a11542a610]
[genoahost095:3469524] [10] /lib64/libc.so.6(__libc_start_main+0x80)[0x14a11542a6c0]
[genoahost095:3469524] [11] /direct/sdcc+u/poare/Grid/build/examples/./Example_arnoldi[0x418815]
[genoahost095:3469524] *** End of error message ***
[genoahost093:3558568] [ 1] /lib64/libc.so.6(+0x8d02c)[0x1523f6e8d02c]
[genoahost093:3558568] [ 2] /lib64/libc.so.6(raise+0x16)[0x1523f6e3fb86]
[genoahost093:3558568] [ 3] /lib64/libc.so.6(abort+0xd3)[0x1523f6e29873]
[genoahost093:3558568] [ 4] /lib64/libc.so.6(+0x2979b)[0x1523f6e2979b]
[genoahost093:3558568] [ 5] /lib64/libc.so.6(+0x388c6)[0x1523f6e388c6]
[genoahost093:3558568] [ 6] /direct/sdcc+u/poare/Grid/build/examples/./Example_arnoldi[0x452e18]
[genoahost093:3558568] [ 7] /direct/sdcc+u/poare/Grid/build/examples/./Example_arnoldi[0x433b0a]
[genoahost093:3558568] [ 8] /direct/sdcc+u/poare/Grid/build/examples/./Example_arnoldi[0x415e87]
[genoahost093:3558568] [ 9] /lib64/libc.so.6(+0x2a610)[0x1523f6e2a610]
[genoahost093:3558568] [10] /lib64/libc.so.6(__libc_start_main+0x80)[0x1523f6e2a6c0]
[genoahost093:3558568] [11] /direct/sdcc+u/poare/Grid/build/examples/./Example_arnoldi[0x418815]
[genoahost093:3558568] *** End of error message ***
srun: error: genoahost096: task 7: Aborted (core dumped)
srun: error: genoahost089: task 0: Aborted (core dumped)
srun: error: genoahost091: task 2: Aborted (core dumped)
srun: error: genoahost090: task 1: Aborted (core dumped)
srun: error: genoahost094: task 5: Aborted (core dumped)
srun: error: genoahost095: task 6: Aborted (core dumped)
srun: error: genoahost093: task 4: Aborted (core dumped)
srun: error: genoahost092: task 3: Aborted (core dumped)
