No PMIx server was reachable, but a PMI1/2 was detected.
If srun is being used to launch application,  128 singletons will be started.
Example_spec_kryschur: ../../Grid/communicator/SharedMemoryMPI.cc:434: static void Grid::GlobalSharedMemory::OptimalCommunicatorSharedMemory(const Coordinate&, ompi_communicator_t*&, Grid::Coordinate&): Assertion `WorldSize==Nprocessors' failed.
[genoahost100:637970] *** Process received signal ***
[genoahost100:637970] Signal: Aborted (6)
[genoahost100:637970] Signal code:  (-6)
[genoahost100:637970] [ 0] /lib64/libc.so.6(+0x3fc30)[0x152a1183fc30]
[genoahost100:637970] [ 1] /lib64/libc.so.6(+0x8d02c)[0x152a1188d02c]
[genoahost100:637970] [ 2] /lib64/libc.so.6(raise+0x16)[0x152a1183fb86]
[genoahost100:637970] [ 3] /lib64/libc.so.6(abort+0xd3)[0x152a11829873]
[genoahost100:637970] [ 4] /lib64/libc.so.6(+0x2979b)[0x152a1182979b]
[genoahost100:637970] [ 5] /lib64/libc.so.6(+0x388c6)[0x152a118388c6]
[genoahost100:637970] [ 6] /direct/sdcc+u/poare/Grid/build/examples/./Example_spec_kryschur[0x4cc206]
[genoahost100:637970] [ 7] /direct/sdcc+u/poare/Grid/build/examples/./Example_spec_kryschur[0x4cc2f1]
[genoahost100:637970] [ 8] /direct/sdcc+u/poare/Grid/build/examples/./Example_spec_kryschur[0x4c7e95]
[genoahost100:637970] [ 9] /direct/sdcc+u/poare/Grid/build/examples/./Example_spec_kryschur[0x4b5f4f]
[genoahost100:637970] [10] /direct/sdcc+u/poare/Grid/build/examples/./Example_spec_kryschur[0x41180d]
[genoahost100:637970] [11] /lib64/libc.so.6(+0x2a610)[0x152a1182a610]
[genoahost100:637970] [12] /lib64/libc.so.6(__libc_start_main+0x80)[0x152a1182a6c0]
[genoahost100:637970] [13] /direct/sdcc+u/poare/Grid/build/examples/./Example_spec_kryschur[0x4147f5]
[genoahost100:637970] *** End of error message ***
Example_spec_kryschur: ../../Grid/communicator/SharedMemoryMPI.cc:434: static void Grid::GlobalSharedMemory::OptimalCommunicatorSharedMemory(const Coordinate&, ompi_communicator_t*&, Grid::Coordinate&): Assertion `WorldSize==Nprocessors' failed.
[genoahost100:637972] *** Process received signal ***
[genoahost100:637972] Signal: Aborted (6)
[genoahost100:637972] Signal code:  (-6)
[genoahost100:637972] [ 0] /lib64/libc.so.6(+0x3fc30)[0x150ea543fc30]
[genoahost100:637972] [ 1] /lib64/libc.so.6(+0x8d02c)[0x150ea548d02c]
[genoahost100:637972] [ 2] /lib64/libc.so.6(raise+0x16)[0x150ea543fb86]
[genoahost100:637972] [ 3] /lib64/libc.so.6(abort+0xd3)[0x150ea5429873]
[genoahost100:637972] [ 4] /lib64/libc.so.6(+0x2979b)[0x150ea542979b]
[genoahost100:637972] [ 5] /lib64/libc.so.6(+0x388c6)[0x150ea54388c6]
[genoahost100:637972] [ 6] /direct/sdcc+u/poare/Grid/build/examples/./Example_spec_kryschur[0x4cc206]
[genoahost100:637972] [ 7] /direct/sdcc+u/poare/Grid/build/examples/./Example_spec_kryschur[0x4cc2f1]
[genoahost100:637972] [ 8] /direct/sdcc+u/poare/Grid/build/examples/./Example_spec_kryschur[0x4c7e95]
[genoahost100:637972] [ 9] /direct/sdcc+u/poare/Grid/build/examples/./Example_spec_kryschur[0x4b5f4f]
[genoahost100:637972] [10] /direct/sdcc+u/poare/Grid/build/examples/./Example_spec_kryschur[0x41180d]
[genoahost100:637972] [11] /lib64/libc.so.6(+0x2a610)[0x150ea542a610]
[genoahost100:637972] [12] /lib64/libc.so.6(__libc_start_main+0x80)[0x150ea542a6c0]
[genoahost100:637972] [13] /direct/sdcc+u/poare/Grid/build/examples/./Example_spec_kryschur[0x4147f5]
[genoahost100:637972] *** End of error message ***
Example_spec_kryschur: ../../Grid/communicator/SharedMemoryMPI.cc:434: static void Grid::GlobalSharedMemory::OptimalCommunicatorSharedMemory(const Coordinate&, ompi_communicator_t*&, Grid::Coordinate&): Assertion `WorldSize==Nprocessors' failed.
[genoahost104:617940] *** Process received signal ***
[genoahost104:617940] Signal: Aborted (6)
[genoahost104:617940] Signal code:  (-6)
[genoahost104:617940] [ 0] /lib64/libc.so.6(+0x3fc30)[0x154f2623fc30]
[genoahost104:617940] [ 1] /lib64/libc.so.6(+0x8d02c)[0x154f2628d02c]
[genoahost104:617940] [ 2] /lib64/libc.so.6(raise+0x16)[0x154f2623fb86]
[genoahost104:617940] [ 3] /lib64/libc.so.6(abort+0xd3)[0x154f26229873]
[genoahost104:617940] [ 4] /lib64/libc.so.6(+0x2979b)[0x154f2622979b]
[genoahost104:617940] [ 5] /lib64/libc.so.6(+0x388c6)[0x154f262388c6]
[genoahost104:617940] [ 6] /direct/sdcc+u/poare/Grid/build/examples/./Example_spec_kryschur[0x4cc206]
[genoahost104:617940] [ 7] /direct/sdcc+u/poare/Grid/build/examples/./Example_spec_kryschur[0x4cc2f1]
[genoahost104:617940] [ 8] /direct/sdcc+u/poare/Grid/build/examples/./Example_spec_kryschur[0x4c7e95]
[genoahost104:617940] [ 9] /direct/sdcc+u/poare/Grid/build/examples/./Example_spec_kryschur[0x4b5f4f]
[genoahost104:617940] [10] /direct/sdcc+u/poare/Grid/build/examples/./Example_spec_kryschur[0x41180d]
[genoahost104:617940] [11] /lib64/libc.so.6(+0x2a610)[0x154f2622a610]
[genoahost104:617940] [12] /lib64/libc.so.6(__libc_start_main+0x80)[0x154f2622a6c0]
[genoahost104:617940] [13] /direct/sdcc+u/poare/Grid/build/examples/./Example_spec_kryschur[0x4147f5]
[genoahost104:617940] *** End of error message ***
Example_spec_kryschur: ../../Grid/communicator/SharedMemoryMPI.cc:434: static void Grid::GlobalSharedMemory::OptimalCommunicatorSharedMemory(const Coordinate&, ompi_communicator_t*&, Grid::Coordinate&): Assertion `WorldSize==Nprocessors' failed.
[genoahost104:617950] *** Process received signal ***
[genoahost104:617950] Signal: Aborted (6)
[genoahost104:617950] Signal code:  (-6)
[genoahost104:617950] [ 0] /lib64/libc.so.6(+0x3fc30)[0x14b41b03fc30]
[genoahost104:617950] [ 1] /lib64/libc.so.6(+0x8d02c)[0x14b41b08d02c]
[genoahost104:617950] [ 2] /lib64/libc.so.6(raise+0x16)[0x14b41b03fb86]
[genoahost104:617950] [ 3] /lib64/libc.so.6(abort+0xd3)[0x14b41b029873]
[genoahost104:617950] [ 4] /lib64/libc.so.6(+0x2979b)[0x14b41b02979b]
[genoahost104:617950] [ 5] /lib64/libc.so.6(+0x388c6)[0x14b41b0388c6]
[genoahost104:617950] [ 6] /direct/sdcc+u/poare/Grid/build/examples/./Example_spec_kryschur[0x4cc206]
[genoahost104:617950] [ 7] /direct/sdcc+u/poare/Grid/build/examples/./Example_spec_kryschur[0x4cc2f1]
[genoahost104:617950] [ 8] /direct/sdcc+u/poare/Grid/build/examples/./Example_spec_kryschur[0x4c7e95]
[genoahost104:617950] [ 9] /direct/sdcc+u/poare/Grid/build/examples/./Example_spec_kryschur[0x4b5f4f]
[genoahost104:617950] [10] /direct/sdcc+u/poare/Grid/build/examples/./Example_spec_kryschur[0x41180d]
[genoahost104:617950] [11] /lib64/libc.so.6(+0x2a610)[0x14b41b02a610]
[genoahost104:617950] [12] /lib64/libc.so.6(__libc_start_main+0x80)[0x14b41b02a6c0]
[genoahost104:617950] [13] /direct/sdcc+u/poare/Grid/build/examples/./Example_spec_kryschur[0x4147f5]
[genoahost104:617950] *** End of error message ***
srun: error: genoahost100: task 53: Aborted (core dumped)
Example_spec_kryschur: ../../Grid/communicator/SharedMemoryMPI.cc:434: static void Grid::GlobalSharedMemory::OptimalCommunicatorSharedMemory(const Coordinate&, ompi_communicator_t*&, Grid::Coordinate&): Assertion `WorldSize==Nprocessors' failed.
[genoahost098:1619355] *** Process received signal ***
[genoahost098:1619355] Signal: Aborted (6)
[genoahost098:1619355] Signal code:  (-6)
[genoahost098:1619355] [ 0] /lib64/libc.so.6(+0x3fc30)[0x153af043fc30]
[genoahost098:1619355] [ 1] /lib64/libc.so.6(+0x8d02c)[0x153af048d02c]
[genoahost098:1619355] [ 2] /lib64/libc.so.6(raise+0x16)[0x153af043fb86]
[genoahost098:1619355] [ 3] /lib64/libc.so.6(abort+0xd3)[0x153af0429873]
[genoahost098:1619355] [ 4] /lib64/libc.so.6(+0x2979b)[0x153af042979b]
[genoahost098:1619355] [ 5] /lib64/libc.so.6(+0x388c6)[0x153af04388c6]
[genoahost098:1619355] [ 6] /direct/sdcc+u/poare/Grid/build/examples/./Example_spec_kryschur[0x4cc206]
[genoahost098:1619355] [ 7] /direct/sdcc+u/poare/Grid/build/examples/./Example_spec_kryschur[0x4cc2f1]
[genoahost098:1619355] [ 8] /direct/sdcc+u/poare/Grid/build/examples/./Example_spec_kryschur[0x4c7e95]
[genoahost098:1619355] [ 9] /direct/sdcc+u/poare/Grid/build/examples/./Example_spec_kryschur[0x4b5f4f]
[genoahost098:1619355] [10] /direct/sdcc+u/poare/Grid/build/examples/./Example_spec_kryschur[0x41180d]
[genoahost098:1619355] [11] /lib64/libc.so.6(+0x2a610)[0x153af042a610]
[genoahost098:1619355] [12] /lib64/libc.so.6(__libc_start_main+0x80)[0x153af042a6c0]
[genoahost098:1619355] [13] /direct/sdcc+u/poare/Grid/build/examples/./Example_spec_kryschur[0x4147f5]
[genoahost098:1619355] *** End of error message ***
srun: error: genoahost100: task 51: Aborted (core dumped)
Example_spec_kryschur: ../../Grid/communicator/SharedMemoryMPI.cc:434: static void Grid::GlobalSharedMemory::OptimalCommunicatorSharedMemory(const Coordinate&, ompi_communicator_t*&, Grid::Coordinate&): Assertion `WorldSize==Nprocessors' failed.
[genoahost098:1619342] *** Process received signal ***
[genoahost098:1619342] Signal: Aborted (6)
[genoahost098:1619342] Signal code:  (-6)
[genoahost098:1619342] [ 0] /lib64/libc.so.6(+0x3fc30)[0x14c61be3fc30]
[genoahost098:1619342] [ 1] /lib64/libc.so.6(+0x8d02c)[0x14c61be8d02c]
[genoahost098:1619342] [ 2] /lib64/libc.so.6(raise+0x16)[0x14c61be3fb86]
[genoahost098:1619342] [ 3] /lib64/libc.so.6(abort+0xd3)[0x14c61be29873]
[genoahost098:1619342] [ 4] /lib64/libc.so.6(+0x2979b)[0x14c61be2979b]
[genoahost098:1619342] [ 5] /lib64/libc.so.6(+0x388c6)[0x14c61be388c6]
[genoahost098:1619342] [ 6] /direct/sdcc+u/poare/Grid/build/examples/./Example_spec_kryschur[0x4cc206]
[genoahost098:1619342] [ 7] /direct/sdcc+u/poare/Grid/build/examples/./Example_spec_kryschur[0x4cc2f1]
[genoahost098:1619342] [ 8] /direct/sdcc+u/poare/Grid/build/examples/./Example_spec_kryschur[0x4c7e95]
[genoahost098:1619342] [ 9] /direct/sdcc+u/poare/Grid/build/examples/./Example_spec_kryschur[0x4b5f4f]
[genoahost098:1619342] [10] /direct/sdcc+u/poare/Grid/build/examples/./Example_spec_kryschur[0x41180d]
[genoahost098:1619342] [11] /lib64/libc.so.6(+0x2a610)[0x14c61be2a610]
[genoahost098:1619342] [12] /lib64/libc.so.6(__libc_start_main+0x80)[0x14c61be2a6c0]
[genoahost098:1619342] [13] /direct/sdcc+u/poare/Grid/build/examples/./Example_spec_kryschur[0x4147f5]
[genoahost098:1619342] *** End of error message ***
Example_spec_kryschur: ../../Grid/communicator/SharedMemoryMPI.cc:434: static void Grid::GlobalSharedMemory::OptimalCommunicatorSharedMemory(const Coordinate&, ompi_communicator_t*&, Grid::Coordinate&): Assertion `WorldSize==Nprocessors' failed.
[genoahost098:1619343] *** Process received signal ***
[genoahost098:1619343] Signal: Aborted (6)
[genoahost098:1619343] Signal code:  (-6)
[genoahost098:1619343] [ 0] /lib64/libc.so.6(+0x3fc30)[0x14b66643fc30]
[genoahost098:1619343] [ 1] /lib64/libc.so.6(+0x8d02c)[0x14b66648d02c]
[genoahost098:1619343] [ 2] /lib64/libc.so.6(raise+0x16)[0x14b66643fb86]
[genoahost098:1619343] [ 3] /lib64/libc.so.6(abort+0xd3)[0x14b666429873]
[genoahost098:1619343] [ 4] /lib64/libc.so.6(+0x2979b)[0x14b66642979b]
[genoahost098:1619343] [ 5] /lib64/libc.so.6(+0x388c6)[0x14b6664388c6]
[genoahost098:1619343] [ 6] /direct/sdcc+u/poare/Grid/build/examples/./Example_spec_kryschur[0x4cc206]
[genoahost098:1619343] [ 7] /direct/sdcc+u/poare/Grid/build/examples/./Example_spec_kryschur[0x4cc2f1]
[genoahost098:1619343] [ 8] /direct/sdcc+u/poare/Grid/build/examples/./Example_spec_kryschur[0x4c7e95]
[genoahost098:1619343] [ 9] /direct/sdcc+u/poare/Grid/build/examples/./Example_spec_kryschur[0x4b5f4f]
[genoahost098:1619343] [10] /direct/sdcc+u/poare/Grid/build/examples/./Example_spec_kryschur[0x41180d]
[genoahost098:1619343] [11] /lib64/libc.so.6(+0x2a610)[0x14b66642a610]
[genoahost098:1619343] [12] /lib64/libc.so.6(__libc_start_main+0x80)[0x14b66642a6c0]
[genoahost098:1619343] [13] /direct/sdcc+u/poare/Grid/build/examples/./Example_spec_kryschur[0x4147f5]
[genoahost098:1619343] *** End of error message ***
Example_spec_kryschur: ../../Grid/communicator/SharedMemoryMPI.cc:434: static void Grid::GlobalSharedMemory::OptimalCommunicatorSharedMemory(const Coordinate&, ompi_communicator_t*&, Grid::Coordinate&): Assertion `WorldSize==Nprocessors' failed.
[genoahost099:1598615] *** Process received signal ***
[genoahost099:1598615] Signal: Aborted (6)
[genoahost099:1598615] Signal code:  (-6)
[genoahost099:1598615] [ 0] /lib64/libc.so.6(+0x3fc30)[0x15102743fc30]
[genoahost099:1598615] [ 1] /lib64/libc.so.6(+0x8d02c)[0x15102748d02c]
[genoahost099:1598615] [ 2] /lib64/libc.so.6(raise+0x16)[0x15102743fb86]
[genoahost099:1598615] [ 3] /lib64/libc.so.6(abort+0xd3)[0x151027429873]
[genoahost099:1598615] [ 4] /lib64/libc.so.6(+0x2979b)[0x15102742979b]
[genoahost099:1598615] [ 5] /lib64/libc.so.6(+0x388c6)[0x1510274388c6]
[genoahost099:1598615] [ 6] /direct/sdcc+u/poare/Grid/build/examples/./Example_spec_kryschur[0x4cc206]
[genoahost099:1598615] [ 7] /direct/sdcc+u/poare/Grid/build/examples/./Example_spec_kryschur[0x4cc2f1]
[genoahost099:1598615] [ 8] /direct/sdcc+u/poare/Grid/build/examples/./Example_spec_kryschur[0x4c7e95]
[genoahost099:1598615] [ 9] /direct/sdcc+u/poare/Grid/build/examples/./Example_spec_kryschur[0x4b5f4f]
[genoahost099:1598615] [10] /direct/sdcc+u/poare/Grid/build/examples/./Example_spec_kryschur[0x41180d]
[genoahost099:1598615] [11] /lib64/libc.so.6(+0x2a610)[0x15102742a610]
[genoahost099:1598615] [12] /lib64/libc.so.6(__libc_start_main+0x80)[0x15102742a6c0]
[genoahost099:1598615] [13] /direct/sdcc+u/poare/Grid/build/examples/./Example_spec_kryschur[0x4147f5]
[genoahost099:1598615] *** End of error message ***
Example_spec_kryschur: ../../Grid/communicator/SharedMemoryMPI.cc:434: static void Grid::GlobalSharedMemory::OptimalCommunicatorSharedMemory(const Coordinate&, ompi_communicator_t*&, Grid::Coordinate&): Assertion `WorldSize==Nprocessors' failed.
[genoahost099:1598620] *** Process received signal ***
[genoahost099:1598620] Signal: Aborted (6)
[genoahost099:1598620] Signal code:  (-6)
[genoahost099:1598620] [ 0] /lib64/libc.so.6(+0x3fc30)[0x149b3f03fc30]
[genoahost099:1598620] [ 1] /lib64/libc.so.6(+0x8d02c)[0x149b3f08d02c]
[genoahost099:1598620] [ 2] /lib64/libc.so.6(raise+0x16)[0x149b3f03fb86]
[genoahost099:1598620] [ 3] /lib64/libc.so.6(abort+0xd3)[0x149b3f029873]
[genoahost099:1598620] [ 4] /lib64/libc.so.6(+0x2979b)[0x149b3f02979b]
[genoahost099:1598620] [ 5] /lib64/libc.so.6(+0x388c6)[0x149b3f0388c6]
[genoahost099:1598620] [ 6] /direct/sdcc+u/poare/Grid/build/examples/./Example_spec_kryschur[0x4cc206]
[genoahost099:1598620] [ 7] /direct/sdcc+u/poare/Grid/build/examples/./Example_spec_kryschur[0x4cc2f1]
[genoahost099:1598620] [ 8] /direct/sdcc+u/poare/Grid/build/examples/./Example_spec_kryschur[0x4c7e95]
[genoahost099:1598620] [ 9] /direct/sdcc+u/poare/Grid/build/examples/./Example_spec_kryschur[0x4b5f4f]
[genoahost099:1598620] [10] /direct/sdcc+u/poare/Grid/build/examples/./Example_spec_kryschur[0x41180d]
[genoahost099:1598620] [11] /lib64/libc.so.6(+0x2a610)[0x149b3f02a610]
[genoahost099:1598620] [12] /lib64/libc.so.6(__libc_start_main+0x80)[0x149b3f02a6c0]
[genoahost099:1598620] [13] /direct/sdcc+u/poare/Grid/build/examples/./Example_spec_kryschur[0x4147f5]
[genoahost099:1598620] *** End of error message ***
Example_spec_kryschur: ../../Grid/communicator/SharedMemoryMPI.cc:434: static void Grid::GlobalSharedMemory::OptimalCommunicatorSharedMemory(const Coordinate&, ompi_communicator_t*&, Grid::Coordinate&): Assertion `WorldSize==Nprocessors' failed.
[genoahost097:1719796] *** Process received signal ***
[genoahost097:1719796] Signal: Aborted (6)
[genoahost097:1719796] Signal code:  (-6)
[genoahost097:1719796] [ 0] /lib64/libc.so.6(+0x3fc30)[0x151b6523fc30]
[genoahost097:1719796] [ 1] /lib64/libc.so.6(+0x8d02c)[0x151b6528d02c]
[genoahost097:1719796] [ 2] /lib64/libc.so.6(raise+0x16)[0x151b6523fb86]
[genoahost097:1719796] [ 3] /lib64/libc.so.6(abort+0xd3)[0x151b65229873]
[genoahost097:1719796] [ 4] /lib64/libc.so.6(+0x2979b)[0x151b6522979b]
[genoahost097:1719796] [ 5] /lib64/libc.so.6(+0x388c6)[0x151b652388c6]
[genoahost097:1719796] [ 6] /direct/sdcc+u/poare/Grid/build/examples/./Example_spec_kryschur[0x4cc206]
[genoahost097:1719796] [ 7] /direct/sdcc+u/poare/Grid/build/examples/./Example_spec_kryschur[0x4cc2f1]
[genoahost097:1719796] [ 8] /direct/sdcc+u/poare/Grid/build/examples/./Example_spec_kryschur[0x4c7e95]
[genoahost097:1719796] [ 9] /direct/sdcc+u/poare/Grid/build/examples/./Example_spec_kryschur[0x4b5f4f]
[genoahost097:1719796] [10] /direct/sdcc+u/poare/Grid/build/examples/./Example_spec_kryschur[0x41180d]
[genoahost097:1719796] [11] /lib64/libc.so.6(+0x2a610)[0x151b6522a610]
[genoahost097:1719796] [12] /lib64/libc.so.6(__libc_start_main+0x80)[0x151b6522a6c0]
[genoahost097:1719796] [13] /direct/sdcc+u/poare/Grid/build/examples/./Example_spec_kryschur[0x4147f5]
[genoahost097:1719796] *** End of error message ***
Example_spec_kryschur: ../../Grid/communicator/SharedMemoryMPI.cc:434: static void Grid::GlobalSharedMemory::OptimalCommunicatorSharedMemory(const Coordinate&, ompi_communicator_t*&, Grid::Coordinate&): Assertion `WorldSize==Nprocessors' failed.
[genoahost097:1719798] *** Process received signal ***
[genoahost097:1719798] Signal: Aborted (6)
[genoahost097:1719798] Signal code:  (-6)
[genoahost097:1719798] [ 0] /lib64/libc.so.6(+0x3fc30)[0x14ae7d63fc30]
[genoahost097:1719798] [ 1] /lib64/libc.so.6(+0x8d02c)[0x14ae7d68d02c]
[genoahost097:1719798] [ 2] /lib64/libc.so.6(raise+0x16)[0x14ae7d63fb86]
[genoahost097:1719798] [ 3] /lib64/libc.so.6(abort+0xd3)[0x14ae7d629873]
[genoahost097:1719798] [ 4] /lib64/libc.so.6(+0x2979b)[0x14ae7d62979b]
[genoahost097:1719798] [ 5] /lib64/libc.so.6(+0x388c6)[0x14ae7d6388c6]
[genoahost097:1719798] [ 6] /direct/sdcc+u/poare/Grid/build/examples/./Example_spec_kryschur[0x4cc206]
[genoahost097:1719798] [ 7] /direct/sdcc+u/poare/Grid/build/examples/./Example_spec_kryschur[0x4cc2f1]
[genoahost097:1719798] [ 8] /direct/sdcc+u/poare/Grid/build/examples/./Example_spec_kryschur[0x4c7e95]
[genoahost097:1719798] [ 9] /direct/sdcc+u/poare/Grid/build/examples/./Example_spec_kryschur[0x4b5f4f]
[genoahost097:1719798] [10] /direct/sdcc+u/poare/Grid/build/examples/./Example_spec_kryschur[0x41180d]
[genoahost097:1719798] [11] /lib64/libc.so.6(+0x2a610)[0x14ae7d62a610]
[genoahost097:1719798] [12] /lib64/libc.so.6(__libc_start_main+0x80)[0x14ae7d62a6c0]
[genoahost097:1719798] [13] /direct/sdcc+u/poare/Grid/build/examples/./Example_spec_kryschur[0x4147f5]
[genoahost097:1719798] *** End of error message ***
Example_spec_kryschur: ../../Grid/communicator/SharedMemoryMPI.cc:434: static void Grid::GlobalSharedMemory::OptimalCommunicatorSharedMemory(const Coordinate&, ompi_communicator_t*&, Grid::Coordinate&): Assertion `WorldSize==Nprocessors' failed.
[genoahost102:617218] *** Process received signal ***
[genoahost102:617218] Signal: Aborted (6)
[genoahost102:617218] Signal code:  (-6)
[genoahost102:617218] [ 0] /lib64/libc.so.6(+0x3fc30)[0x14970d83fc30]
[genoahost102:617218] [ 1] /lib64/libc.so.6(+0x8d02c)[0x14970d88d02c]
[genoahost102:617218] [ 2] /lib64/libc.so.6(raise+0x16)[0x14970d83fb86]
[genoahost102:617218] [ 3] /lib64/libc.so.6(abort+0xd3)[0x14970d829873]
[genoahost102:617218] [ 4] /lib64/libc.so.6(+0x2979b)[0x14970d82979b]
[genoahost102:617218] [ 5] /lib64/libc.so.6(+0x388c6)[0x14970d8388c6]
[genoahost102:617218] [ 6] /direct/sdcc+u/poare/Grid/build/examples/./Example_spec_kryschur[0x4cc206]
[genoahost102:617218] [ 7] /direct/sdcc+u/poare/Grid/build/examples/./Example_spec_kryschur[0x4cc2f1]
[genoahost102:617218] [ 8] /direct/sdcc+u/poare/Grid/build/examples/./Example_spec_kryschur[0x4c7e95]
[genoahost102:617218] [ 9] /direct/sdcc+u/poare/Grid/build/examples/./Example_spec_kryschur[0x4b5f4f]
[genoahost102:617218] [10] /direct/sdcc+u/poare/Grid/build/examples/./Example_spec_kryschur[0x41180d]
[genoahost102:617218] [11] /lib64/libc.so.6(+0x2a610)[0x14970d82a610]
[genoahost102:617218] [12] /lib64/libc.so.6(__libc_start_main+0x80)[0x14970d82a6c0]
[genoahost102:617218] [13] /direct/sdcc+u/poare/Grid/build/examples/./Example_spec_kryschur[0x4147f5]
[genoahost102:617218] *** End of error message ***
Example_spec_kryschur: ../../Grid/communicator/SharedMemoryMPI.cc:434: static void Grid::GlobalSharedMemory::OptimalCommunicatorSharedMemory(const Coordinate&, ompi_communicator_t*&, Grid::Coordinate&): Assertion `WorldSize==Nprocessors' failed.
[genoahost102:617216] *** Process received signal ***
[genoahost102:617216] Signal: Aborted (6)
[genoahost102:617216] Signal code:  (-6)
[genoahost102:617216] [ 0] /lib64/libc.so.6(+0x3fc30)[0x15156da3fc30]
[genoahost102:617216] [ 1] /lib64/libc.so.6(+0x8d02c)[0x15156da8d02c]
[genoahost102:617216] [ 2] /lib64/libc.so.6(raise+0x16)[0x15156da3fb86]
[genoahost102:617216] [ 3] /lib64/libc.so.6(abort+0xd3)[0x15156da29873]
[genoahost102:617216] [ 4] /lib64/libc.so.6(+0x2979b)[0x15156da2979b]
[genoahost102:617216] [ 5] /lib64/libc.so.6(+0x388c6)[0x15156da388c6]
[genoahost102:617216] [ 6] /direct/sdcc+u/poare/Grid/build/examples/./Example_spec_kryschur[0x4cc206]
[genoahost102:617216] [ 7] /direct/sdcc+u/poare/Grid/build/examples/./Example_spec_kryschur[0x4cc2f1]
[genoahost102:617216] [ 8] /direct/sdcc+u/poare/Grid/build/examples/./Example_spec_kryschur[0x4c7e95]
[genoahost102:617216] [ 9] /direct/sdcc+u/poare/Grid/build/examples/./Example_spec_kryschur[0x4b5f4f]
[genoahost102:617216] [10] /direct/sdcc+u/poare/Grid/build/examples/./Example_spec_kryschur[0x41180d]
[genoahost102:617216] [11] /lib64/libc.so.6(+0x2a610)[0x15156da2a610]
[genoahost102:617216] [12] /lib64/libc.so.6(__libc_start_main+0x80)[0x15156da2a6c0]
[genoahost102:617216] [13] /direct/sdcc+u/poare/Grid/build/examples/./Example_spec_kryschur[0x4147f5]
[genoahost102:617216] *** End of error message ***
Example_spec_kryschur: ../../Grid/communicator/SharedMemoryMPI.cc:434: static void Grid::GlobalSharedMemory::OptimalCommunicatorSharedMemory(const Coordinate&, ompi_communicator_t*&, Grid::Coordinate&): Assertion `WorldSize==Nprocessors' failed.
[genoahost102:617220] *** Process received signal ***
[genoahost102:617220] Signal: Aborted (6)
[genoahost102:617220] Signal code:  (-6)
[genoahost102:617220] [ 0] /lib64/libc.so.6(+0x3fc30)[0x154a4e43fc30]
[genoahost102:617220] [ 1] /lib64/libc.so.6(+0x8d02c)[0x154a4e48d02c]
[genoahost102:617220] [ 2] /lib64/libc.so.6(raise+0x16)[0x154a4e43fb86]
[genoahost102:617220] [ 3] /lib64/libc.so.6(abort+0xd3)[0x154a4e429873]
[genoahost102:617220] [ 4] /lib64/libc.so.6(+0x2979b)[0x154a4e42979b]
[genoahost102:617220] [ 5] /lib64/libc.so.6(+0x388c6)[0x154a4e4388c6]
[genoahost102:617220] [ 6] /direct/sdcc+u/poare/Grid/build/examples/./Example_spec_kryschur[0x4cc206]
[genoahost102:617220] [ 7] /direct/sdcc+u/poare/Grid/build/examples/./Example_spec_kryschur[0x4cc2f1]
[genoahost102:617220] [ 8] /direct/sdcc+u/poare/Grid/build/examples/./Example_spec_kryschur[0x4c7e95]
[genoahost102:617220] [ 9] /direct/sdcc+u/poare/Grid/build/examples/./Example_spec_kryschur[0x4b5f4f]
[genoahost102:617220] [10] /direct/sdcc+u/poare/Grid/build/examples/./Example_spec_kryschur[0x41180d]
[genoahost102:617220] [11] /lib64/libc.so.6(+0x2a610)[0x154a4e42a610]
[genoahost102:617220] [12] /lib64/libc.so.6(__libc_start_main+0x80)[0x154a4e42a6c0]
[genoahost102:617220] [13] /direct/sdcc+u/poare/Grid/build/examples/./Example_spec_kryschur[0x4147f5]
[genoahost102:617220] *** End of error message ***
Example_spec_kryschur: ../../Grid/communicator/SharedMemoryMPI.cc:434: static void Grid::GlobalSharedMemory::OptimalCommunicatorSharedMemory(const Coordinate&, ompi_communicator_t*&, Grid::Coordinate&): Assertion `WorldSize==Nprocessors' failed.
[genoahost097:1719793] *** Process received signal ***
[genoahost097:1719793] Signal: Aborted (6)
[genoahost097:1719793] Signal code:  (-6)
[genoahost097:1719793] [ 0] /lib64/libc.so.6(+0x3fc30)[0x14c3cee3fc30]
[genoahost097:1719793] [ 1] /lib64/libc.so.6(+0x8d02c)[0x14c3cee8d02c]
[genoahost097:1719793] [ 2] /lib64/libc.so.6(raise+0x16)[0x14c3cee3fb86]
[genoahost097:1719793] [ 3] /lib64/libc.so.6(abort+0xd3)[0x14c3cee29873]
[genoahost097:1719793] [ 4] /lib64/libc.so.6(+0x2979b)[0x14c3cee2979b]
[genoahost097:1719793] [ 5] /lib64/libc.so.6(+0x388c6)[0x14c3cee388c6]
[genoahost097:1719793] [ 6] /direct/sdcc+u/poare/Grid/build/examples/./Example_spec_kryschur[0x4cc206]
[genoahost097:1719793] [ 7] /direct/sdcc+u/poare/Grid/build/examples/./Example_spec_kryschur[0x4cc2f1]
[genoahost097:1719793] [ 8] /direct/sdcc+u/poare/Grid/build/examples/./Example_spec_kryschur[0x4c7e95]
[genoahost097:1719793] [ 9] /direct/sdcc+u/poare/Grid/build/examples/./Example_spec_kryschur[0x4b5f4f]
[genoahost097:1719793] [10] /direct/sdcc+u/poare/Grid/build/examples/./Example_spec_kryschur[0x41180d]
[genoahost097:1719793] [11] /lib64/libc.so.6(+0x2a610)[0x14c3cee2a610]
[genoahost097:1719793] [12] /lib64/libc.so.6(__libc_start_main+0x80)[0x14c3cee2a6c0]
[genoahost097:1719793] [13] /direct/sdcc+u/poare/Grid/build/examples/./Example_spec_kryschur[0x4147f5]
[genoahost097:1719793] *** End of error message ***
Example_spec_kryschur: ../../Grid/communicator/SharedMemoryMPI.cc:434: static void Grid::GlobalSharedMemory::OptimalCommunicatorSharedMemory(const Coordinate&, ompi_communicator_t*&, Grid::Coordinate&): Assertion `WorldSize==Nprocessors' failed.
[genoahost097:1719785] *** Process received signal ***
[genoahost097:1719785] Signal: Aborted (6)
[genoahost097:1719785] Signal code:  (-6)
[genoahost097:1719785] [ 0] /lib64/libc.so.6(+0x3fc30)[0x14dbe2c3fc30]
[genoahost097:1719785] [ 1] /lib64/libc.so.6(+0x8d02c)[0x14dbe2c8d02c]
[genoahost097:1719785] [ 2] /lib64/libc.so.6(raise+0x16)[0x14dbe2c3fb86]
[genoahost097:1719785] [ 3] /lib64/libc.so.6(abort+0xd3)[0x14dbe2c29873]
[genoahost097:1719785] [ 4] /lib64/libc.so.6(+0x2979b)[0x14dbe2c2979b]
[genoahost097:1719785] [ 5] /lib64/libc.so.6(+0x388c6)[0x14dbe2c388c6]
[genoahost097:1719785] [ 6] /direct/sdcc+u/poare/Grid/build/examples/./Example_spec_kryschur[0x4cc206]
[genoahost097:1719785] [ 7] /direct/sdcc+u/poare/Grid/build/examples/./Example_spec_kryschur[0x4cc2f1]
[genoahost097:1719785] [ 8] /direct/sdcc+u/poare/Grid/build/examples/./Example_spec_kryschur[0x4c7e95]
[genoahost097:1719785] [ 9] /direct/sdcc+u/poare/Grid/build/examples/./Example_spec_kryschur[0x4b5f4f]
[genoahost097:1719785] [10] /direct/sdcc+u/poare/Grid/build/examples/./Example_spec_kryschur[0x41180d]
[genoahost097:1719785] [11] /lib64/libc.so.6(+0x2a610)[0x14dbe2c2a610]
[genoahost097:1719785] [12] /lib64/libc.so.6(__libc_start_main+0x80)[0x14dbe2c2a6c0]
[genoahost097:1719785] [13] /direct/sdcc+u/poare/Grid/build/examples/./Example_spec_kryschur[0x4147f5]
[genoahost097:1719785] *** End of error message ***
Example_spec_kryschur: ../../Grid/communicator/SharedMemoryMPI.cc:434: static void Grid::GlobalSharedMemory::OptimalCommunicatorSharedMemory(const Coordinate&, ompi_communicator_t*&, Grid::Coordinate&): Assertion `WorldSize==Nprocessors' failed.
[genoahost100:637978] *** Process received signal ***
[genoahost100:637978] Signal: Aborted (6)
[genoahost100:637978] Signal code:  (-6)
[genoahost100:637978] [ 0] /lib64/libc.so.6(+0x3fc30)[0x1548a563fc30]
[genoahost100:637978] [ 1] /lib64/libc.so.6(+0x8d02c)[0x1548a568d02c]
[genoahost100:637978] [ 2] /lib64/libc.so.6(raise+0x16)[0x1548a563fb86]
[genoahost100:637978] [ 3] /lib64/libc.so.6(abort+0xd3)[0x1548a5629873]
[genoahost100:637978] [ 4] /lib64/libc.so.6(+0x2979b)[0x1548a562979b]
[genoahost100:637978] [ 5] /lib64/libc.so.6(+0x388c6)[0x1548a56388c6]
[genoahost100:637978] [ 6] /direct/sdcc+u/poare/Grid/build/examples/./Example_spec_kryschur[0x4cc206]
[genoahost100:637978] [ 7] /direct/sdcc+u/poare/Grid/build/examples/./Example_spec_kryschur[0x4cc2f1]
[genoahost100:637978] [ 8] /direct/sdcc+u/poare/Grid/build/examples/./Example_spec_kryschur[0x4c7e95]
[genoahost100:637978] [ 9] /direct/sdcc+u/poare/Grid/build/examples/./Example_spec_kryschur[0x4b5f4f]
[genoahost100:637978] [10] /direct/sdcc+u/poare/Grid/build/examples/./Example_spec_kryschur[0x41180d]
[genoahost100:637978] [11] /lib64/libc.so.6(+0x2a610)[0x1548a562a610]
[genoahost100:637978] [12] /lib64/libc.so.6(__libc_start_main+0x80)[0x1548a562a6c0]
[genoahost100:637978] [13] /direct/sdcc+u/poare/Grid/build/examples/./Example_spec_kryschur[0x4147f5]
[genoahost100:637978] *** End of error message ***
Example_spec_kryschur: ../../Grid/communicator/SharedMemoryMPI.cc:434: static void Grid::GlobalSharedMemory::OptimalCommunicatorSharedMemory(const Coordinate&, ompi_communicator_t*&, Grid::Coordinate&): Assertion `WorldSize==Nprocessors' failed.
[genoahost102:617224] *** Process received signal ***
[genoahost102:617224] Signal: Aborted (6)
[genoahost102:617224] Signal code:  (-6)
[genoahost102:617224] [ 0] /lib64/libc.so.6(+0x3fc30)[0x146aab63fc30]
[genoahost102:617224] [ 1] /lib64/libc.so.6(+0x8d02c)[0x146aab68d02c]
[genoahost102:617224] [ 2] /lib64/libc.so.6(raise+0x16)[0x146aab63fb86]
[genoahost102:617224] [ 3] /lib64/libc.so.6(abort+0xd3)[0x146aab629873]
[genoahost102:617224] [ 4] /lib64/libc.so.6(+0x2979b)[0x146aab62979b]
[genoahost102:617224] [ 5] /lib64/libc.so.6(+0x388c6)[0x146aab6388c6]
[genoahost102:617224] [ 6] /direct/sdcc+u/poare/Grid/build/examples/./Example_spec_kryschur[0x4cc206]
[genoahost102:617224] [ 7] /direct/sdcc+u/poare/Grid/build/examples/./Example_spec_kryschur[0x4cc2f1]
[genoahost102:617224] [ 8] /direct/sdcc+u/poare/Grid/build/examples/./Example_spec_kryschur[0x4c7e95]
[genoahost102:617224] [ 9] /direct/sdcc+u/poare/Grid/build/examples/./Example_spec_kryschur[0x4b5f4f]
[genoahost102:617224] [10] /direct/sdcc+u/poare/Grid/build/examples/./Example_spec_kryschur[0x41180d]
[genoahost102:617224] [11] /lib64/libc.so.6(+0x2a610)[0x146aab62a610]
[genoahost102:617224] [12] /lib64/libc.so.6(__libc_start_main+0x80)[0x146aab62a6c0]
[genoahost102:617224] [13] /direct/sdcc+u/poare/Grid/build/examples/./Example_spec_kryschur[0x4147f5]
[genoahost102:617224] *** End of error message ***
Example_spec_kryschur: ../../Grid/communicator/SharedMemoryMPI.cc:434: static void Grid::GlobalSharedMemory::OptimalCommunicatorSharedMemory(const Coordinate&, ompi_communicator_t*&, Grid::Coordinate&): Assertion `WorldSize==Nprocessors' failed.
[genoahost100:637974] *** Process received signal ***
[genoahost100:637974] Signal: Aborted (6)
[genoahost100:637974] Signal code:  (-6)
[genoahost100:637974] [ 0] /lib64/libc.so.6(+0x3fc30)[0x15482fe3fc30]
[genoahost100:637974] [ 1] /lib64/libc.so.6(+0x8d02c)[0x15482fe8d02c]
[genoahost100:637974] [ 2] /lib64/libc.so.6(raise+0x16)[0x15482fe3fb86]
[genoahost100:637974] [ 3] /lib64/libc.so.6(abort+0xd3)[0x15482fe29873]
[genoahost100:637974] [ 4] /lib64/libc.so.6(+0x2979b)[0x15482fe2979b]
[genoahost100:637974] [ 5] /lib64/libc.so.6(+0x388c6)[0x15482fe388c6]
[genoahost100:637974] [ 6] /direct/sdcc+u/poare/Grid/build/examples/./Example_spec_kryschur[0x4cc206]
[genoahost100:637974] [ 7] /direct/sdcc+u/poare/Grid/build/examples/./Example_spec_kryschur[0x4cc2f1]
[genoahost100:637974] [ 8] /direct/sdcc+u/poare/Grid/build/examples/./Example_spec_kryschur[0x4c7e95]
[genoahost100:637974] [ 9] /direct/sdcc+u/poare/Grid/build/examples/./Example_spec_kryschur[0x4b5f4f]
[genoahost100:637974] [10] /direct/sdcc+u/poare/Grid/build/examples/./Example_spec_kryschur[0x41180d]
[genoahost100:637974] [11] /lib64/libc.so.6(+0x2a610)[0x15482fe2a610]
[genoahost100:637974] [12] /lib64/libc.so.6(__libc_start_main+0x80)[0x15482fe2a6c0]
[genoahost100:637974] [13] /direct/sdcc+u/poare/Grid/build/examples/./Example_spec_kryschur[0x4147f5]
[genoahost100:637974] *** End of error message ***
srun: error: genoahost102: task 87: Aborted (core dumped)
srun: error: genoahost097: task 9: Aborted (core dumped)
Example_spec_kryschur: ../../Grid/communicator/SharedMemoryMPI.cc:434: static void Grid::GlobalSharedMemory::OptimalCommunicatorSharedMemory(const Coordinate&, ompi_communicator_t*&, Grid::Coordinate&): Assertion `WorldSize==Nprocessors' failed.
[genoahost101:1137141] *** Process received signal ***
[genoahost101:1137141] Signal: Aborted (6)
[genoahost101:1137141] Signal code:  (-6)
[genoahost101:1137141] [ 0] /lib64/libc.so.6(+0x3fc30)[0x14689323fc30]
[genoahost101:1137141] [ 1] /lib64/libc.so.6(+0x8d02c)[0x14689328d02c]
[genoahost101:1137141] [ 2] /lib64/libc.so.6(raise+0x16)[0x14689323fb86]
[genoahost101:1137141] [ 3] /lib64/libc.so.6(abort+0xd3)[0x146893229873]
[genoahost101:1137141] [ 4] /lib64/libc.so.6(+0x2979b)[0x14689322979b]
[genoahost101:1137141] [ 5] /lib64/libc.so.6(+0x388c6)[0x1468932388c6]
[genoahost101:1137141] [ 6] /direct/sdcc+u/poare/Grid/build/examples/./Example_spec_kryschur[0x4cc206]
[genoahost101:1137141] [ 7] /direct/sdcc+u/poare/Grid/build/examples/./Example_spec_kryschur[0x4cc2f1]
[genoahost101:1137141] [ 8] /direct/sdcc+u/poare/Grid/build/examples/./Example_spec_kryschur[0x4c7e95]
[genoahost101:1137141] [ 9] /direct/sdcc+u/poare/Grid/build/examples/./Example_spec_kryschur[0x4b5f4f]
[genoahost101:1137141] [10] /direct/sdcc+u/poare/Grid/build/examples/./Example_spec_kryschur[0x41180d]
[genoahost101:1137141] [11] /lib64/libc.so.6(+0x2a610)[0x14689322a610]
[genoahost101:1137141] [12] /lib64/libc.so.6(__libc_start_main+0x80)[0x14689322a6c0]
[genoahost101:1137141] [13] /direct/sdcc+u/poare/Grid/build/examples/./Example_spec_kryschur[0x4147f5]
[genoahost101:1137141] *** End of error message ***
Example_spec_kryschur: ../../Grid/communicator/SharedMemoryMPI.cc:434: static void Grid::GlobalSharedMemory::OptimalCommunicatorSharedMemory(const Coordinate&, ompi_communicator_t*&, Grid::Coordinate&): Assertion `WorldSize==Nprocessors' failed.
[genoahost101:1137148] *** Process received signal ***
[genoahost101:1137148] Signal: Aborted (6)
[genoahost101:1137148] Signal code:  (-6)
[genoahost101:1137148] [ 0] /lib64/libc.so.6(+0x3fc30)[0x14752943fc30]
[genoahost101:1137148] [ 1] /lib64/libc.so.6(+0x8d02c)[0x14752948d02c]
[genoahost101:1137148] [ 2] /lib64/libc.so.6(raise+0x16)[0x14752943fb86]
[genoahost101:1137148] [ 3] /lib64/libc.so.6(abort+0xd3)[0x147529429873]
[genoahost101:1137148] [ 4] /lib64/libc.so.6(+0x2979b)[0x14752942979b]
[genoahost101:1137148] [ 5] /lib64/libc.so.6(+0x388c6)[0x1475294388c6]
[genoahost101:1137148] [ 6] /direct/sdcc+u/poare/Grid/build/examples/./Example_spec_kryschur[0x4cc206]
[genoahost101:1137148] [ 7] /direct/sdcc+u/poare/Grid/build/examples/./Example_spec_kryschur[0x4cc2f1]
[genoahost101:1137148] [ 8] /direct/sdcc+u/poare/Grid/build/examples/./Example_spec_kryschur[0x4c7e95]
[genoahost101:1137148] [ 9] /direct/sdcc+u/poare/Grid/build/examples/./Example_spec_kryschur[0x4b5f4f]
[genoahost101:1137148] [10] /direct/sdcc+u/poare/Grid/build/examples/./Example_spec_kryschur[0x41180d]
[genoahost101:1137148] [11] /lib64/libc.so.6(+0x2a610)[0x14752942a610]
[genoahost101:1137148] [12] /lib64/libc.so.6(__libc_start_main+0x80)[0x14752942a6c0]
[genoahost101:1137148] [13] /direct/sdcc+u/poare/Grid/build/examples/./Example_spec_kryschur[0x4147f5]
[genoahost101:1137148] *** End of error message ***
srun: error: genoahost104: task 116: Aborted (core dumped)
srun: error: genoahost104: task 126: Aborted (core dumped)
Example_spec_kryschur: ../../Grid/communicator/SharedMemoryMPI.cc:434: static void Grid::GlobalSharedMemory::OptimalCommunicatorSharedMemory(const Coordinate&, ompi_communicator_t*&, Grid::Coordinate&): Assertion `WorldSize==Nprocessors' failed.
[genoahost103:606689] *** Process received signal ***
[genoahost103:606689] Signal: Aborted (6)
[genoahost103:606689] Signal code:  (-6)
[genoahost103:606689] [ 0] /lib64/libc.so.6(+0x3fc30)[0x151a95e3fc30]
[genoahost103:606689] [ 1] /lib64/libc.so.6(+0x8d02c)[0x151a95e8d02c]
[genoahost103:606689] [ 2] /lib64/libc.so.6(raise+0x16)[0x151a95e3fb86]
[genoahost103:606689] [ 3] /lib64/libc.so.6(abort+0xd3)[0x151a95e29873]
[genoahost103:606689] [ 4] /lib64/libc.so.6(+0x2979b)[0x151a95e2979b]
[genoahost103:606689] [ 5] /lib64/libc.so.6(+0x388c6)[0x151a95e388c6]
[genoahost103:606689] [ 6] /direct/sdcc+u/poare/Grid/build/examples/./Example_spec_kryschur[0x4cc206]
[genoahost103:606689] [ 7] /direct/sdcc+u/poare/Grid/build/examples/./Example_spec_kryschur[0x4cc2f1]
[genoahost103:606689] [ 8] /direct/sdcc+u/poare/Grid/build/examples/./Example_spec_kryschur[0x4c7e95]
[genoahost103:606689] [ 9] /direct/sdcc+u/poare/Grid/build/examples/./Example_spec_kryschur[0x4b5f4f]
[genoahost103:606689] [10] /direct/sdcc+u/poare/Grid/build/examples/./Example_spec_kryschur[0x41180d]
[genoahost103:606689] [11] /lib64/libc.so.6(+0x2a610)[0x151a95e2a610]
[genoahost103:606689] [12] /lib64/libc.so.6(__libc_start_main+0x80)[0x151a95e2a6c0]
[genoahost103:606689] [13] /direct/sdcc+u/poare/Grid/build/examples/./Example_spec_kryschur[0x4147f5]
[genoahost103:606689] *** End of error message ***
Example_spec_kryschur: ../../Grid/communicator/SharedMemoryMPI.cc:434: static void Grid::GlobalSharedMemory::OptimalCommunicatorSharedMemory(const Coordinate&, ompi_communicator_t*&, Grid::Coordinate&): Assertion `WorldSize==Nprocessors' failed.
[genoahost103:606695] *** Process received signal ***
[genoahost103:606695] Signal: Aborted (6)
[genoahost103:606695] Signal code:  (-6)
[genoahost103:606695] [ 0] /lib64/libc.so.6(+0x3fc30)[0x145730c3fc30]
[genoahost103:606695] [ 1] /lib64/libc.so.6(+0x8d02c)[0x145730c8d02c]
[genoahost103:606695] [ 2] /lib64/libc.so.6(raise+0x16)[0x145730c3fb86]
[genoahost103:606695] [ 3] /lib64/libc.so.6(abort+0xd3)[0x145730c29873]
[genoahost103:606695] [ 4] /lib64/libc.so.6(+0x2979b)[0x145730c2979b]
[genoahost103:606695] [ 5] /lib64/libc.so.6(+0x388c6)[0x145730c388c6]
[genoahost103:606695] [ 6] /direct/sdcc+u/poare/Grid/build/examples/./Example_spec_kryschur[0x4cc206]
[genoahost103:606695] [ 7] /direct/sdcc+u/poare/Grid/build/examples/./Example_spec_kryschur[0x4cc2f1]
[genoahost103:606695] [ 8] /direct/sdcc+u/poare/Grid/build/examples/./Example_spec_kryschur[0x4c7e95]
[genoahost103:606695] [ 9] /direct/sdcc+u/poare/Grid/build/examples/./Example_spec_kryschur[0x4b5f4f]
[genoahost103:606695] [10] /direct/sdcc+u/poare/Grid/build/examples/./Example_spec_kryschur[0x41180d]
[genoahost103:606695] [11] /lib64/libc.so.6(+0x2a610)[0x145730c2a610]
[genoahost103:606695] [12] /lib64/libc.so.6(__libc_start_main+0x80)[0x145730c2a6c0]
[genoahost103:606695] [13] /direct/sdcc+u/poare/Grid/build/examples/./Example_spec_kryschur[0x4147f5]
[genoahost103:606695] *** End of error message ***
srun: error: genoahost102: task 91: Aborted (core dumped)
srun: error: genoahost098: task 30: Aborted (core dumped)
Example_spec_kryschur: ../../Grid/communicator/SharedMemoryMPI.cc:434: static void Grid::GlobalSharedMemory::OptimalCommunicatorSharedMemory(const Coordinate&, ompi_communicator_t*&, Grid::Coordinate&): Assertion `WorldSize==Nprocessors' failed.
[genoahost101:1137143] *** Process received signal ***
[genoahost101:1137143] Signal: Aborted (6)
[genoahost101:1137143] Signal code:  (-6)
[genoahost101:1137143] [ 0] /lib64/libc.so.6(+0x3fc30)[0x153dffe3fc30]
[genoahost101:1137143] [ 1] /lib64/libc.so.6(+0x8d02c)[0x153dffe8d02c]
[genoahost101:1137143] [ 2] /lib64/libc.so.6(raise+0x16)[0x153dffe3fb86]
[genoahost101:1137143] [ 3] /lib64/libc.so.6(abort+0xd3)[0x153dffe29873]
[genoahost101:1137143] [ 4] /lib64/libc.so.6(+0x2979b)[0x153dffe2979b]
[genoahost101:1137143] [ 5] /lib64/libc.so.6(+0x388c6)[0x153dffe388c6]
[genoahost101:1137143] [ 6] /direct/sdcc+u/poare/Grid/build/examples/./Example_spec_kryschur[0x4cc206]
[genoahost101:1137143] [ 7] /direct/sdcc+u/poare/Grid/build/examples/./Example_spec_kryschur[0x4cc2f1]
[genoahost101:1137143] [ 8] /direct/sdcc+u/poare/Grid/build/examples/./Example_spec_kryschur[0x4c7e95]
[genoahost101:1137143] [ 9] /direct/sdcc+u/poare/Grid/build/examples/./Example_spec_kryschur[0x4b5f4f]
[genoahost101:1137143] [10] /direct/sdcc+u/poare/Grid/build/examples/./Example_spec_kryschur[0x41180d]
[genoahost101:1137143] [11] /lib64/libc.so.6(+0x2a610)[0x153dffe2a610]
[genoahost101:1137143] [12] /lib64/libc.so.6(__libc_start_main+0x80)[0x153dffe2a6c0]
[genoahost101:1137143] [13] /direct/sdcc+u/poare/Grid/build/examples/./Example_spec_kryschur[0x4147f5]
[genoahost101:1137143] *** End of error message ***
Example_spec_kryschur: ../../Grid/communicator/SharedMemoryMPI.cc:434: static void Grid::GlobalSharedMemory::OptimalCommunicatorSharedMemory(const Coordinate&, ompi_communicator_t*&, Grid::Coordinate&): Assertion `WorldSize==Nprocessors' failed.
[genoahost101:1137139] *** Process received signal ***
[genoahost101:1137139] Signal: Aborted (6)
[genoahost101:1137139] Signal code:  (-6)
[genoahost101:1137139] [ 0] /lib64/libc.so.6(+0x3fc30)[0x14844aa3fc30]
[genoahost101:1137139] [ 1] /lib64/libc.so.6(+0x8d02c)[0x14844aa8d02c]
[genoahost101:1137139] [ 2] /lib64/libc.so.6(raise+0x16)[0x14844aa3fb86]
[genoahost101:1137139] [ 3] /lib64/libc.so.6(abort+0xd3)[0x14844aa29873]
[genoahost101:1137139] [ 4] /lib64/libc.so.6(+0x2979b)[0x14844aa2979b]
[genoahost101:1137139] [ 5] /lib64/libc.so.6(+0x388c6)[0x14844aa388c6]
[genoahost101:1137139] [ 6] /direct/sdcc+u/poare/Grid/build/examples/./Example_spec_kryschur[0x4cc206]
[genoahost101:1137139] [ 7] /direct/sdcc+u/poare/Grid/build/examples/./Example_spec_kryschur[0x4cc2f1]
[genoahost101:1137139] [ 8] /direct/sdcc+u/poare/Grid/build/examples/./Example_spec_kryschur[0x4c7e95]
[genoahost101:1137139] [ 9] /direct/sdcc+u/poare/Grid/build/examples/./Example_spec_kryschur[0x4b5f4f]
[genoahost101:1137139] [10] /direct/sdcc+u/poare/Grid/build/examples/./Example_spec_kryschur[0x41180d]
[genoahost101:1137139] [11] /lib64/libc.so.6(+0x2a610)[0x14844aa2a610]
[genoahost101:1137139] [12] /lib64/libc.so.6(__libc_start_main+0x80)[0x14844aa2a6c0]
[genoahost101:1137139] [13] /direct/sdcc+u/poare/Grid/build/examples/./Example_spec_kryschur[0x4147f5]
[genoahost101:1137139] *** End of error message ***
srun: error: genoahost097: task 1: Aborted (core dumped)
Example_spec_kryschur: ../../Grid/communicator/SharedMemoryMPI.cc:434: static void Grid::GlobalSharedMemory::OptimalCommunicatorSharedMemory(const Coordinate&, ompi_communicator_t*&, Grid::Coordinate&): Assertion `WorldSize==Nprocessors' failed.
[genoahost101:1137146] *** Process received signal ***
[genoahost101:1137146] Signal: Aborted (6)
[genoahost101:1137146] Signal code:  (-6)
[genoahost101:1137146] [ 0] /lib64/libc.so.6(+0x3fc30)[0x14a8b783fc30]
[genoahost101:1137146] [ 1] /lib64/libc.so.6(+0x8d02c)[0x14a8b788d02c]
[genoahost101:1137146] [ 2] /lib64/libc.so.6(raise+0x16)[0x14a8b783fb86]
[genoahost101:1137146] [ 3] /lib64/libc.so.6(abort+0xd3)[0x14a8b7829873]
[genoahost101:1137146] [ 4] /lib64/libc.so.6(+0x2979b)[0x14a8b782979b]
[genoahost101:1137146] [ 5] /lib64/libc.so.6(+0x388c6)[0x14a8b78388c6]
[genoahost101:1137146] [ 6] /direct/sdcc+u/poare/Grid/build/examples/./Example_spec_kryschur[0x4cc206]
[genoahost101:1137146] [ 7] /direct/sdcc+u/poare/Grid/build/examples/./Example_spec_kryschur[0x4cc2f1]
[genoahost101:1137146] [ 8] /direct/sdcc+u/poare/Grid/build/examples/./Example_spec_kryschur[0x4c7e95]
[genoahost101:1137146] [ 9] /direct/sdcc+u/poare/Grid/build/examples/./Example_spec_kryschur[0x4b5f4f]
[genoahost101:1137146] [10] /direct/sdcc+u/poare/Grid/build/examples/./Example_spec_kryschur[0x41180d]
[genoahost101:1137146] [11] /lib64/libc.so.6(+0x2a610)[0x14a8b782a610]
[genoahost101:1137146] [12] /lib64/libc.so.6(__libc_start_main+0x80)[0x14a8b782a6c0]
[genoahost101:1137146] [13] /direct/sdcc+u/poare/Grid/build/examples/./Example_spec_kryschur[0x4147f5]
[genoahost101:1137146] *** End of error message ***
srun: error: genoahost098: task 17: Aborted (core dumped)
srun: error: genoahost098: task 18: Aborted (core dumped)
srun: error: genoahost103: task 98: Aborted (core dumped)
srun: error: genoahost100: task 59: Aborted (core dumped)
srun: error: genoahost099: task 42: Aborted (core dumped)
srun: error: genoahost099: task 47: Aborted (core dumped)
Example_spec_kryschur: ../../Grid/communicator/SharedMemoryMPI.cc:434: static void Grid::GlobalSharedMemory::OptimalCommunicatorSharedMemory(const Coordinate&, ompi_communicator_t*&, Grid::Coordinate&): Assertion `WorldSize==Nprocessors' failed.
[genoahost104:617939] *** Process received signal ***
[genoahost104:617939] Signal: Aborted (6)
[genoahost104:617939] Signal code:  (-6)
[genoahost104:617939] [ 0] /lib64/libc.so.6(+0x3fc30)[0x15244063fc30]
[genoahost104:617939] [ 1] /lib64/libc.so.6(+0x8d02c)[0x15244068d02c]
[genoahost104:617939] [ 2] /lib64/libc.so.6(raise+0x16)[0x15244063fb86]
[genoahost104:617939] [ 3] /lib64/libc.so.6(abort+0xd3)[0x152440629873]
[genoahost104:617939] [ 4] /lib64/libc.so.6(+0x2979b)[0x15244062979b]
[genoahost104:617939] [ 5] /lib64/libc.so.6(+0x388c6)[0x1524406388c6]
[genoahost104:617939] [ 6] /direct/sdcc+u/poare/Grid/build/examples/./Example_spec_kryschur[0x4cc206]
[genoahost104:617939] [ 7] /direct/sdcc+u/poare/Grid/build/examples/./Example_spec_kryschur[0x4cc2f1]
[genoahost104:617939] [ 8] /direct/sdcc+u/poare/Grid/build/examples/./Example_spec_kryschur[0x4c7e95]
[genoahost104:617939] [ 9] /direct/sdcc+u/poare/Grid/build/examples/./Example_spec_kryschur[0x4b5f4f]
[genoahost104:617939] [10] /direct/sdcc+u/poare/Grid/build/examples/./Example_spec_kryschur[0x41180d]
[genoahost104:617939] [11] /lib64/libc.so.6(+0x2a610)[0x15244062a610]
[genoahost104:617939] [12] /lib64/libc.so.6(__libc_start_main+0x80)[0x15244062a6c0]
[genoahost104:617939] [13] /direct/sdcc+u/poare/Grid/build/examples/./Example_spec_kryschur[0x4147f5]
[genoahost104:617939] *** End of error message ***
Example_spec_kryschur: ../../Grid/communicator/SharedMemoryMPI.cc:434: static void Grid::GlobalSharedMemory::OptimalCommunicatorSharedMemory(const Coordinate&, ompi_communicator_t*&, Grid::Coordinate&): Assertion `WorldSize==Nprocessors' failed.
[genoahost104:617943] *** Process received signal ***
[genoahost104:617943] Signal: Aborted (6)
[genoahost104:617943] Signal code:  (-6)
[genoahost104:617943] [ 0] /lib64/libc.so.6(+0x3fc30)[0x1503e423fc30]
[genoahost104:617943] [ 1] /lib64/libc.so.6(+0x8d02c)[0x1503e428d02c]
[genoahost104:617943] [ 2] /lib64/libc.so.6(raise+0x16)[0x1503e423fb86]
[genoahost104:617943] [ 3] /lib64/libc.so.6(abort+0xd3)[0x1503e4229873]
[genoahost104:617943] [ 4] /lib64/libc.so.6(+0x2979b)[0x1503e422979b]
[genoahost104:617943] [ 5] /lib64/libc.so.6(+0x388c6)[0x1503e42388c6]
[genoahost104:617943] [ 6] /direct/sdcc+u/poare/Grid/build/examples/./Example_spec_kryschur[0x4cc206]
[genoahost104:617943] [ 7] /direct/sdcc+u/poare/Grid/build/examples/./Example_spec_kryschur[0x4cc2f1]
[genoahost104:617943] [ 8] /direct/sdcc+u/poare/Grid/build/examples/./Example_spec_kryschur[0x4c7e95]
[genoahost104:617943] [ 9] /direct/sdcc+u/poare/Grid/build/examples/./Example_spec_kryschur[0x4b5f4f]
[genoahost104:617943] [10] /direct/sdcc+u/poare/Grid/build/examples/./Example_spec_kryschur[0x41180d]
[genoahost104:617943] [11] /lib64/libc.so.6(+0x2a610)[0x1503e422a610]
[genoahost104:617943] [12] /lib64/libc.so.6(__libc_start_main+0x80)[0x1503e422a6c0]
[genoahost104:617943] [13] /direct/sdcc+u/poare/Grid/build/examples/./Example_spec_kryschur[0x4147f5]
[genoahost104:617943] *** End of error message ***
srun: error: genoahost102: task 89: Aborted (core dumped)
Example_spec_kryschur: ../../Grid/communicator/SharedMemoryMPI.cc:434: static void Grid::GlobalSharedMemory::OptimalCommunicatorSharedMemory(const Coordinate&, ompi_communicator_t*&, Grid::Coordinate&): Assertion `WorldSize==Nprocessors' failed.
[genoahost104:617938] *** Process received signal ***
[genoahost104:617938] Signal: Aborted (6)
[genoahost104:617938] Signal code:  (-6)
[genoahost104:617938] [ 0] /lib64/libc.so.6(+0x3fc30)[0x14796f03fc30]
[genoahost104:617938] [ 1] /lib64/libc.so.6(+0x8d02c)[0x14796f08d02c]
[genoahost104:617938] [ 2] /lib64/libc.so.6(raise+0x16)[0x14796f03fb86]
[genoahost104:617938] [ 3] /lib64/libc.so.6(abort+0xd3)[0x14796f029873]
[genoahost104:617938] [ 4] /lib64/libc.so.6(+0x2979b)[0x14796f02979b]
[genoahost104:617938] [ 5] /lib64/libc.so.6(+0x388c6)[0x14796f0388c6]
[genoahost104:617938] [ 6] /direct/sdcc+u/poare/Grid/build/examples/./Example_spec_kryschur[0x4cc206]
[genoahost104:617938] [ 7] /direct/sdcc+u/poare/Grid/build/examples/./Example_spec_kryschur[0x4cc2f1]
[genoahost104:617938] [ 8] /direct/sdcc+u/poare/Grid/build/examples/./Example_spec_kryschur[0x4c7e95]
[genoahost104:617938] [ 9] /direct/sdcc+u/poare/Grid/build/examples/./Example_spec_kryschur[0x4b5f4f]
[genoahost104:617938] [10] /direct/sdcc+u/poare/Grid/build/examples/./Example_spec_kryschur[0x41180d]
[genoahost104:617938] [11] /lib64/libc.so.6(+0x2a610)[0x14796f02a610]
[genoahost104:617938] [12] /lib64/libc.so.6(__libc_start_main+0x80)[0x14796f02a6c0]
[genoahost104:617938] [13] /direct/sdcc+u/poare/Grid/build/examples/./Example_spec_kryschur[0x4147f5]
[genoahost104:617938] *** End of error message ***
srun: error: genoahost097: tasks 12,14: Aborted (core dumped)
srun: error: genoahost103: task 104: Aborted (core dumped)
srun: error: genoahost102: task 95: Aborted (core dumped)
Example_spec_kryschur: ../../Grid/communicator/SharedMemoryMPI.cc:434: static void Grid::GlobalSharedMemory::OptimalCommunicatorSharedMemory(const Coordinate&, ompi_communicator_t*&, Grid::Coordinate&): Assertion `WorldSize==Nprocessors' failed.
[genoahost103:606687] *** Process received signal ***
[genoahost103:606687] Signal: Aborted (6)
[genoahost103:606687] Signal code:  (-6)
[genoahost103:606687] [ 0] /lib64/libc.so.6(+0x3fc30)[0x14dafdc3fc30]
[genoahost103:606687] [ 1] /lib64/libc.so.6(+0x8d02c)[0x14dafdc8d02c]
[genoahost103:606687] [ 2] /lib64/libc.so.6(raise+0x16)[0x14dafdc3fb86]
[genoahost103:606687] [ 3] /lib64/libc.so.6(abort+0xd3)[0x14dafdc29873]
[genoahost103:606687] [ 4] /lib64/libc.so.6(+0x2979b)[0x14dafdc2979b]
[genoahost103:606687] [ 5] /lib64/libc.so.6(+0x388c6)[0x14dafdc388c6]
[genoahost103:606687] [ 6] /direct/sdcc+u/poare/Grid/build/examples/./Example_spec_kryschur[0x4cc206]
[genoahost103:606687] [ 7] /direct/sdcc+u/poare/Grid/build/examples/./Example_spec_kryschur[0x4cc2f1]
[genoahost103:606687] [ 8] /direct/sdcc+u/poare/Grid/build/examples/./Example_spec_kryschur[0x4c7e95]
[genoahost103:606687] [ 9] /direct/sdcc+u/poare/Grid/build/examples/./Example_spec_kryschur[0x4b5f4f]
[genoahost103:606687] [10] /direct/sdcc+u/poare/Grid/build/examples/./Example_spec_kryschur[0x41180d]
[genoahost103:606687] [11] /lib64/libc.so.6(+0x2a610)[0x14dafdc2a610]
[genoahost103:606687] [12] /lib64/libc.so.6(__libc_start_main+0x80)[0x14dafdc2a6c0]
[genoahost103:606687] [13] /direct/sdcc+u/poare/Grid/build/examples/./Example_spec_kryschur[0x4147f5]
[genoahost103:606687] *** End of error message ***
srun: error: genoahost100: task 55: Aborted (core dumped)
Example_spec_kryschur: ../../Grid/communicator/SharedMemoryMPI.cc:434: static void Grid::GlobalSharedMemory::OptimalCommunicatorSharedMemory(const Coordinate&, ompi_communicator_t*&, Grid::Coordinate&): Assertion `WorldSize==Nprocessors' failed.
[genoahost103:606693] *** Process received signal ***
[genoahost103:606693] Signal: Aborted (6)
[genoahost103:606693] Signal code:  (-6)
[genoahost103:606693] [ 0] /lib64/libc.so.6(+0x3fc30)[0x154fe343fc30]
[genoahost103:606693] [ 1] /lib64/libc.so.6(+0x8d02c)[0x154fe348d02c]
[genoahost103:606693] [ 2] /lib64/libc.so.6(raise+0x16)[0x154fe343fb86]
[genoahost103:606693] [ 3] /lib64/libc.so.6(abort+0xd3)[0x154fe3429873]
[genoahost103:606693] [ 4] /lib64/libc.so.6(+0x2979b)[0x154fe342979b]
[genoahost103:606693] [ 5] /lib64/libc.so.6(+0x388c6)[0x154fe34388c6]
[genoahost103:606693] [ 6] /direct/sdcc+u/poare/Grid/build/examples/./Example_spec_kryschur[0x4cc206]
[genoahost103:606693] [ 7] /direct/sdcc+u/poare/Grid/build/examples/./Example_spec_kryschur[0x4cc2f1]
[genoahost103:606693] [ 8] /direct/sdcc+u/poare/Grid/build/examples/./Example_spec_kryschur[0x4c7e95]
[genoahost103:606693] [ 9] /direct/sdcc+u/poare/Grid/build/examples/./Example_spec_kryschur[0x4b5f4f]
[genoahost103:606693] [10] /direct/sdcc+u/poare/Grid/build/examples/./Example_spec_kryschur[0x41180d]
[genoahost103:606693] [11] /lib64/libc.so.6(+0x2a610)[0x154fe342a610]
[genoahost103:606693] [12] /lib64/libc.so.6(__libc_start_main+0x80)[0x154fe342a6c0]
[genoahost103:606693] [13] /direct/sdcc+u/poare/Grid/build/examples/./Example_spec_kryschur[0x4147f5]
[genoahost103:606693] *** End of error message ***
Example_spec_kryschur: ../../Grid/communicator/SharedMemoryMPI.cc:434: static void Grid::GlobalSharedMemory::OptimalCommunicatorSharedMemory(const Coordinate&, ompi_communicator_t*&, Grid::Coordinate&): Assertion `WorldSize==Nprocessors' failed.
[genoahost103:606691] *** Process received signal ***
[genoahost103:606691] Signal: Aborted (6)
[genoahost103:606691] Signal code:  (-6)
[genoahost103:606691] [ 0] /lib64/libc.so.6(+0x3fc30)[0x14fcf243fc30]
[genoahost103:606691] [ 1] /lib64/libc.so.6(+0x8d02c)[0x14fcf248d02c]
[genoahost103:606691] [ 2] /lib64/libc.so.6(raise+0x16)[0x14fcf243fb86]
[genoahost103:606691] [ 3] /lib64/libc.so.6(abort+0xd3)[0x14fcf2429873]
[genoahost103:606691] [ 4] /lib64/libc.so.6(+0x2979b)[0x14fcf242979b]
[genoahost103:606691] [ 5] /lib64/libc.so.6(+0x388c6)[0x14fcf24388c6]
[genoahost103:606691] [ 6] /direct/sdcc+u/poare/Grid/build/examples/./Example_spec_kryschur[0x4cc206]
[genoahost103:606691] [ 7] /direct/sdcc+u/poare/Grid/build/examples/./Example_spec_kryschur[0x4cc2f1]
[genoahost103:606691] [ 8] /direct/sdcc+u/poare/Grid/build/examples/./Example_spec_kryschur[0x4c7e95]
[genoahost103:606691] [ 9] /direct/sdcc+u/poare/Grid/build/examples/./Example_spec_kryschur[0x4b5f4f]
[genoahost103:606691] [10] /direct/sdcc+u/poare/Grid/build/examples/./Example_spec_kryschur[0x41180d]
[genoahost103:606691] [11] /lib64/libc.so.6(+0x2a610)[0x14fcf242a610]
[genoahost103:606691] [12] /lib64/libc.so.6(__libc_start_main+0x80)[0x14fcf242a6c0]
[genoahost103:606691] [13] /direct/sdcc+u/poare/Grid/build/examples/./Example_spec_kryschur[0x4147f5]
[genoahost103:606691] *** End of error message ***
Example_spec_kryschur: ../../Grid/communicator/SharedMemoryMPI.cc:434: static void Grid::GlobalSharedMemory::OptimalCommunicatorSharedMemory(const Coordinate&, ompi_communicator_t*&, Grid::Coordinate&): Assertion `WorldSize==Nprocessors' failed.
[genoahost098:1619341] *** Process received signal ***
[genoahost098:1619341] Signal: Aborted (6)
[genoahost098:1619341] Signal code:  (-6)
Example_spec_kryschur: ../../Grid/communicator/SharedMemoryMPI.cc:434: static void Grid::GlobalSharedMemory::OptimalCommunicatorSharedMemory(const Coordinate&, ompi_communicator_t*&, Grid::Coordinate&): Assertion `WorldSize==Nprocessors' failed.
[genoahost098:1619349] *** Process received signal ***
[genoahost098:1619349] Signal: Aborted (6)
[genoahost098:1619349] Signal code:  (-6)
[genoahost098:1619349] [ 0] /lib64/libc.so.6(+0x3fc30)[0x152ec683fc30]
[genoahost098:1619349] [ 1] /lib64/libc.so.6(+0x8d02c)[0x152ec688d02c]
[genoahost098:1619349] [ 2] /lib64/libc.so.6(raise+0x16)[0x152ec683fb86]
[genoahost098:1619349] [ 3] /lib64/libc.so.6(abort+0xd3)[0x152ec6829873]
[genoahost098:1619349] [ 4] /lib64/libc.so.6(+0x2979b)[0x152ec682979b]
[genoahost098:1619349] [ 5] /lib64/libc.so.6(+0x388c6)[0x152ec68388c6]
[genoahost098:1619349] [ 6] /direct/sdcc+u/poare/Grid/build/examples/./Example_spec_kryschur[0x4cc206]
[genoahost098:1619349] [ 7] /direct/sdcc+u/poare/Grid/build/examples/./Example_spec_kryschur[0x4cc2f1]
[genoahost098:1619349] [ 8] /direct/sdcc+u/poare/Grid/build/examples/./Example_spec_kryschur[0x4c7e95]
[genoahost098:1619349] [ 9] /direct/sdcc+u/poare/Grid/build/examples/./Example_spec_kryschur[0x4b5f4f]
[genoahost098:1619349] [10] /direct/sdcc+u/poare/Grid/build/examples/./Example_spec_kryschur[0x41180d]
[genoahost098:1619349] [11] /lib64/libc.so.6(+0x2a610)[0x152ec682a610]
[genoahost098:1619349] [12] /lib64/libc.so.6(__libc_start_main+0x80)[0x152ec682a6c0]
[genoahost098:1619349] [13] /direct/sdcc+u/poare/Grid/build/examples/./Example_spec_kryschur[0x4147f5]
[genoahost098:1619349] *** End of error message ***
[genoahost098:1619341] [ 0] /lib64/libc.so.6(+0x3fc30)[0x14b9ad03fc30]
[genoahost098:1619341] [ 1] /lib64/libc.so.6(+0x8d02c)[0x14b9ad08d02c]
[genoahost098:1619341] [ 2] /lib64/libc.so.6(raise+0x16)[0x14b9ad03fb86]
[genoahost098:1619341] [ 3] /lib64/libc.so.6(abort+0xd3)[0x14b9ad029873]
[genoahost098:1619341] [ 4] /lib64/libc.so.6(+0x2979b)[0x14b9ad02979b]
[genoahost098:1619341] [ 5] /lib64/libc.so.6(+0x388c6)[0x14b9ad0388c6]
[genoahost098:1619341] [ 6] /direct/sdcc+u/poare/Grid/build/examples/./Example_spec_kryschur[0x4cc206]
[genoahost098:1619341] [ 7] /direct/sdcc+u/poare/Grid/build/examples/./Example_spec_kryschur[0x4cc2f1]
[genoahost098:1619341] [ 8] /direct/sdcc+u/poare/Grid/build/examples/./Example_spec_kryschur[0x4c7e95]
[genoahost098:1619341] [ 9] /direct/sdcc+u/poare/Grid/build/examples/./Example_spec_kryschur[0x4b5f4f]
[genoahost098:1619341] [10] /direct/sdcc+u/poare/Grid/build/examples/./Example_spec_kryschur[0x41180d]
[genoahost098:1619341] [11] /lib64/libc.so.6(+0x2a610)[0x14b9ad02a610]
[genoahost098:1619341] [12] /lib64/libc.so.6(__libc_start_main+0x80)[0x14b9ad02a6c0]
[genoahost098:1619341] [13] /direct/sdcc+u/poare/Grid/build/examples/./Example_spec_kryschur[0x4147f5]
[genoahost098:1619341] *** End of error message ***
srun: error: genoahost101: task 72: Aborted (core dumped)
Example_spec_kryschur: ../../Grid/communicator/SharedMemoryMPI.cc:434: static void Grid::GlobalSharedMemory::OptimalCommunicatorSharedMemory(const Coordinate&, ompi_communicator_t*&, Grid::Coordinate&): Assertion `WorldSize==Nprocessors' failed.
[genoahost098:1619345] *** Process received signal ***
[genoahost098:1619345] Signal: Aborted (6)
[genoahost098:1619345] Signal code:  (-6)
[genoahost098:1619345] [ 0] /lib64/libc.so.6(+0x3fc30)[0x14675963fc30]
[genoahost098:1619345] [ 1] /lib64/libc.so.6(+0x8d02c)[0x14675968d02c]
[genoahost098:1619345] [ 2] /lib64/libc.so.6(raise+0x16)[0x14675963fb86]
[genoahost098:1619345] [ 3] /lib64/libc.so.6(abort+0xd3)[0x146759629873]
[genoahost098:1619345] [ 4] /lib64/libc.so.6(+0x2979b)[0x14675962979b]
[genoahost098:1619345] [ 5] /lib64/libc.so.6(+0x388c6)[0x1467596388c6]
[genoahost098:1619345] [ 6] /direct/sdcc+u/poare/Grid/build/examples/./Example_spec_kryschur[0x4cc206]
[genoahost098:1619345] [ 7] /direct/sdcc+u/poare/Grid/build/examples/./Example_spec_kryschur[0x4cc2f1]
[genoahost098:1619345] [ 8] /direct/sdcc+u/poare/Grid/build/examples/./Example_spec_kryschur[0x4c7e95]
[genoahost098:1619345] [ 9] /direct/sdcc+u/poare/Grid/build/examples/./Example_spec_kryschur[0x4b5f4f]
[genoahost098:1619345] [10] /direct/sdcc+u/poare/Grid/build/examples/./Example_spec_kryschur[0x41180d]
[genoahost098:1619345] [11] /lib64/libc.so.6(+0x2a610)[0x14675962a610]
[genoahost098:1619345] [12] /lib64/libc.so.6(__libc_start_main+0x80)[0x14675962a6c0]
[genoahost098:1619345] [13] /direct/sdcc+u/poare/Grid/build/examples/./Example_spec_kryschur[0x4147f5]
[genoahost098:1619345] *** End of error message ***
Example_spec_kryschur: ../../Grid/communicator/SharedMemoryMPI.cc:434: static void Grid::GlobalSharedMemory::OptimalCommunicatorSharedMemory(const Coordinate&, ompi_communicator_t*&, Grid::Coordinate&): Assertion `WorldSize==Nprocessors' failed.
[genoahost099:1598614] *** Process received signal ***
[genoahost099:1598614] Signal: Aborted (6)
[genoahost099:1598614] Signal code:  (-6)
[genoahost099:1598614] [ 0] /lib64/libc.so.6(+0x3fc30)[0x1471d923fc30]
[genoahost099:1598614] [ 1] /lib64/libc.so.6(+0x8d02c)[0x1471d928d02c]
[genoahost099:1598614] [ 2] /lib64/libc.so.6(raise+0x16)[0x1471d923fb86]
[genoahost099:1598614] [ 3] /lib64/libc.so.6(abort+0xd3)[0x1471d9229873]
[genoahost099:1598614] [ 4] /lib64/libc.so.6(+0x2979b)[0x1471d922979b]
[genoahost099:1598614] [ 5] /lib64/libc.so.6(+0x388c6)[0x1471d92388c6]
[genoahost099:1598614] [ 6] /direct/sdcc+u/poare/Grid/build/examples/./Example_spec_kryschur[0x4cc206]
[genoahost099:1598614] [ 7] /direct/sdcc+u/poare/Grid/build/examples/./Example_spec_kryschur[0x4cc2f1]
[genoahost099:1598614] [ 8] /direct/sdcc+u/poare/Grid/build/examples/./Example_spec_kryschur[0x4c7e95]
[genoahost099:1598614] [ 9] /direct/sdcc+u/poare/Grid/build/examples/./Example_spec_kryschur[0x4b5f4f]
[genoahost099:1598614] [10] /direct/sdcc+u/poare/Grid/build/examples/./Example_spec_kryschur[0x41180d]
[genoahost099:1598614] [11] /lib64/libc.so.6(+0x2a610)[0x1471d922a610]
[genoahost099:1598614] [12] /lib64/libc.so.6(__libc_start_main+0x80)[0x1471d922a6c0]
[genoahost099:1598614] [13] /direct/sdcc+u/poare/Grid/build/examples/./Example_spec_kryschur[0x4147f5]
[genoahost099:1598614] *** End of error message ***
Example_spec_kryschur: ../../Grid/communicator/SharedMemoryMPI.cc:434: static void Grid::GlobalSharedMemory::OptimalCommunicatorSharedMemory(const Coordinate&, ompi_communicator_t*&, Grid::Coordinate&): Assertion `WorldSize==Nprocessors' failed.
[genoahost099:1598616] *** Process received signal ***
[genoahost099:1598616] Signal: Aborted (6)
[genoahost099:1598616] Signal code:  (-6)
[genoahost099:1598616] [ 0] /lib64/libc.so.6(+0x3fc30)[0x15182d23fc30]
[genoahost099:1598616] [ 1] /lib64/libc.so.6(+0x8d02c)[0x15182d28d02c]
[genoahost099:1598616] [ 2] /lib64/libc.so.6(raise+0x16)[0x15182d23fb86]
[genoahost099:1598616] [ 3] /lib64/libc.so.6(abort+0xd3)[0x15182d229873]
[genoahost099:1598616] [ 4] /lib64/libc.so.6(+0x2979b)[0x15182d22979b]
[genoahost099:1598616] [ 5] /lib64/libc.so.6(+0x388c6)[0x15182d2388c6]
[genoahost099:1598616] [ 6] /direct/sdcc+u/poare/Grid/build/examples/./Example_spec_kryschur[0x4cc206]
[genoahost099:1598616] [ 7] /direct/sdcc+u/poare/Grid/build/examples/./Example_spec_kryschur[0x4cc2f1]
[genoahost099:1598616] [ 8] /direct/sdcc+u/poare/Grid/build/examples/./Example_spec_kryschur[0x4c7e95]
[genoahost099:1598616] [ 9] /direct/sdcc+u/poare/Grid/build/examples/./Example_spec_kryschur[0x4b5f4f]
[genoahost099:1598616] [10] /direct/sdcc+u/poare/Grid/build/examples/./Example_spec_kryschur[0x41180d]
[genoahost099:1598616] [11] /lib64/libc.so.6(+0x2a610)[0x15182d22a610]
[genoahost099:1598616] [12] /lib64/libc.so.6(__libc_start_main+0x80)[0x15182d22a6c0]
[genoahost099:1598616] [13] /direct/sdcc+u/poare/Grid/build/examples/./Example_spec_kryschur[0x4147f5]
[genoahost099:1598616] *** End of error message ***
srun: error: genoahost098: task 24: Aborted (core dumped)
srun: error: genoahost099: task 41: Aborted (core dumped)
Example_spec_kryschur: ../../Grid/communicator/SharedMemoryMPI.cc:434: static void Grid::GlobalSharedMemory::OptimalCommunicatorSharedMemory(const Coordinate&, ompi_communicator_t*&, Grid::Coordinate&): Assertion `WorldSize==Nprocessors' failed.
[genoahost099:1598617] *** Process received signal ***
[genoahost099:1598617] Signal: Aborted (6)
[genoahost099:1598617] Signal code:  (-6)
[genoahost099:1598617] [ 0] /lib64/libc.so.6(+0x3fc30)[0x1459f103fc30]
[genoahost099:1598617] [ 1] /lib64/libc.so.6(+0x8d02c)[0x1459f108d02c]
[genoahost099:1598617] [ 2] /lib64/libc.so.6(raise+0x16)[0x1459f103fb86]
[genoahost099:1598617] [ 3] /lib64/libc.so.6(abort+0xd3)[0x1459f1029873]
[genoahost099:1598617] [ 4] /lib64/libc.so.6(+0x2979b)[0x1459f102979b]
[genoahost099:1598617] [ 5] /lib64/libc.so.6(+0x388c6)[0x1459f10388c6]
[genoahost099:1598617] [ 6] /direct/sdcc+u/poare/Grid/build/examples/./Example_spec_kryschur[0x4cc206]
[genoahost099:1598617] [ 7] /direct/sdcc+u/poare/Grid/build/examples/./Example_spec_kryschur[0x4cc2f1]
[genoahost099:1598617] [ 8] /direct/sdcc+u/poare/Grid/build/examples/./Example_spec_kryschur[0x4c7e95]
[genoahost099:1598617] [ 9] /direct/sdcc+u/poare/Grid/build/examples/./Example_spec_kryschur[0x4b5f4f]
[genoahost099:1598617] [10] /direct/sdcc+u/poare/Grid/build/examples/./Example_spec_kryschur[0x41180d]
[genoahost099:1598617] [11] /lib64/libc.so.6(+0x2a610)[0x1459f102a610]
[genoahost099:1598617] [12] /lib64/libc.so.6(__libc_start_main+0x80)[0x1459f102a6c0]
[genoahost099:1598617] [13] /direct/sdcc+u/poare/Grid/build/examples/./Example_spec_kryschur[0x4147f5]
[genoahost099:1598617] *** End of error message ***
srun: error: genoahost098: task 16: Aborted (core dumped)
srun: Job step aborted: Waiting up to 32 seconds for job step to finish.
slurmstepd: error: *** JOB 328695 ON genoahost097 CANCELLED AT 2026-02-27T11:36:35 ***
slurmstepd: error: *** STEP 328695.0 ON genoahost097 CANCELLED AT 2026-02-27T11:36:35 ***
