munmap_chunk(): invalid pointer
[genoahost001:286036] *** Process received signal ***
[genoahost001:286036] Signal: Aborted (6)
[genoahost001:286036] Signal code:  (-6)
[genoahost001:286036] [ 0] /lib64/libc.so.6(+0x3fc30)[0x14b28523fc30]
[genoahost001:286036] [ 1] /lib64/libc.so.6(+0x8d02c)[0x14b28528d02c]
[genoahost001:286036] [ 2] /lib64/libc.so.6(raise+0x16)[0x14b28523fb86]
[genoahost001:286036] [ 3] /lib64/libc.so.6(abort+0xd3)[0x14b285229873]
[genoahost001:286036] [ 4] /lib64/libc.so.6(+0x2a1b2)[0x14b28522a1b2]
[genoahost001:286036] [ 5] /lib64/libc.so.6(+0x970d7)[0x14b2852970d7]
[genoahost001:286036] [ 6] /lib64/libc.so.6(+0x9736c)[0x14b28529736c]
[genoahost001:286036] [ 7] /lib64/libc.so.6(free+0x9a)[0x14b28529b45a]
[genoahost001:286036] [ 8] /direct/sdcc+u/poare/Grid/build/examples/./Example_pvdagm_svd[0x4ab25b]
[genoahost001:286036] [ 9] /direct/sdcc+u/poare/Grid/build/examples/./Example_pvdagm_svd[0x4ad308]
[genoahost001:286036] [10] /direct/sdcc+u/poare/Grid/build/examples/./Example_pvdagm_svd[0x419c40]
[genoahost001:286036] [11] /lib64/libc.so.6(+0x2a610)[0x14b28522a610]
[genoahost001:286036] [12] /lib64/libc.so.6(__libc_start_main+0x80)[0x14b28522a6c0]
[genoahost001:286036] [13] /direct/sdcc+u/poare/Grid/build/examples/./Example_pvdagm_svd[0x41b865]
[genoahost001:286036] *** End of error message ***
srun: error: genoahost001: task 0: Aborted (core dumped)
