terminate called after throwing an instance of 'std::__ios_failure'
  what():  basic_ios::clear: iostream error
[genoahost065:2354951] *** Process received signal ***
[genoahost065:2354951] Signal: Aborted (6)
[genoahost065:2354951] Signal code:  (-6)
[genoahost065:2354951] [ 0] /lib64/libc.so.6(+0x3e730)[0x14859723e730]
[genoahost065:2354951] [ 1] /lib64/libc.so.6(+0x8ba6c)[0x14859728ba6c]
[genoahost065:2354951] [ 2] /lib64/libc.so.6(raise+0x16)[0x14859723e686]
[genoahost065:2354951] [ 3] /lib64/libc.so.6(abort+0xd3)[0x148597228833]
[genoahost065:2354951] [ 4] /lib64/libstdc++.so.6(+0xa1b21)[0x148597aa1b21]
[genoahost065:2354951] [ 5] /lib64/libstdc++.so.6(+0xad52c)[0x148597aad52c]
[genoahost065:2354951] [ 6] /lib64/libstdc++.so.6(+0xad597)[0x148597aad597]
[genoahost065:2354951] [ 7] /lib64/libstdc++.so.6(+0xad7f9)[0x148597aad7f9]
[genoahost065:2354951] [ 8] /lib64/libstdc++.so.6(_ZSt19__throw_ios_failurePKc+0x91)[0x148597aa4de9]
[genoahost065:2354951] [ 9] /lib64/libstdc++.so.6(+0x11c472)[0x148597b1c472]
[genoahost065:2354951] [10] /direct/sdcc+u/poare/Grid/build/examples/./Example_spec_kryschur[0x45a8a9]
[genoahost065:2354951] [11] /direct/sdcc+u/poare/Grid/build/examples/./Example_spec_kryschur[0x47da61]
[genoahost065:2354951] [12] /direct/sdcc+u/poare/Grid/build/examples/./Example_spec_kryschur[0x4b89c5]
[genoahost065:2354951] [13] /direct/sdcc+u/poare/Grid/build/examples/./Example_spec_kryschur[0x4ba2ca]
[genoahost065:2354951] [14] /direct/sdcc+u/poare/Grid/build/examples/./Example_spec_kryschur[0x4bae61]
[genoahost065:2354951] [15] /direct/sdcc+u/poare/Grid/build/examples/./Example_spec_kryschur[0x4bb829]
[genoahost065:2354951] [16] /direct/sdcc+u/poare/Grid/build/examples/./Example_spec_kryschur[0x413a9f]
[genoahost065:2354951] [17] /lib64/libc.so.6(+0x295d0)[0x1485972295d0]
[genoahost065:2354951] [18] /lib64/libc.so.6(__libc_start_main+0x80)[0x148597229680]
[genoahost065:2354951] [19] /direct/sdcc+u/poare/Grid/build/examples/./Example_spec_kryschur[0x4153c5]
[genoahost065:2354951] *** End of error message ***
srun: error: genoahost065: task 0: Aborted (core dumped)
